Component: ARM Compiler 5.06 update 6 (build 750) Tool: armlink [4d35ed]

==============================================================================

Section Cross References

    startup_stm32h723xx.o(RESET) refers to startup_stm32h723xx.o(STACK) for __initial_sp
    startup_stm32h723xx.o(RESET) refers to startup_stm32h723xx.o(.text) for Reset_Handler
    startup_stm32h723xx.o(RESET) refers to stm32h7xx_it.o(i.NMI_Handler) for NMI_Handler
    startup_stm32h723xx.o(RESET) refers to stm32h7xx_it.o(i.HardFault_Handler) for HardFault_Handler
    startup_stm32h723xx.o(RESET) refers to stm32h7xx_it.o(i.MemManage_Handler) for MemManage_Handler
    startup_stm32h723xx.o(RESET) refers to stm32h7xx_it.o(i.BusFault_Handler) for BusFault_Handler
    startup_stm32h723xx.o(RESET) refers to stm32h7xx_it.o(i.UsageFault_Handler) for UsageFault_Handler
    startup_stm32h723xx.o(RESET) refers to stm32h7xx_it.o(i.SVC_Handler) for SVC_Handler
    startup_stm32h723xx.o(RESET) refers to stm32h7xx_it.o(i.DebugMon_Handler) for DebugMon_Handler
    startup_stm32h723xx.o(RESET) refers to stm32h7xx_it.o(i.PendSV_Handler) for PendSV_Handler
    startup_stm32h723xx.o(RESET) refers to stm32h7xx_it.o(i.SysTick_Handler) for SysTick_Handler
    startup_stm32h723xx.o(RESET) refers to stm32h7xx_it.o(i.TIM4_IRQHandler) for TIM4_IRQHandler
    startup_stm32h723xx.o(RESET) refers to stm32h7xx_it.o(i.USART1_IRQHandler) for USART1_IRQHandler
    startup_stm32h723xx.o(RESET) refers to stm32h7xx_it.o(i.USART2_IRQHandler) for USART2_IRQHandler
    startup_stm32h723xx.o(RESET) refers to stm32h7xx_it.o(i.USART3_IRQHandler) for USART3_IRQHandler
    startup_stm32h723xx.o(RESET) refers to stm32h7xx_it.o(i.UART4_IRQHandler) for UART4_IRQHandler
    startup_stm32h723xx.o(RESET) refers to stm32h7xx_it.o(i.USART6_IRQHandler) for USART6_IRQHandler
    startup_stm32h723xx.o(RESET) refers to stm32h7xx_it.o(i.USART10_IRQHandler) for USART10_IRQHandler
    startup_stm32h723xx.o(.text) refers to system_stm32h7xx.o(i.SystemInit) for SystemInit
    startup_stm32h723xx.o(.text) refers to entry.o(.ARM.Collect$$$$00000000) for __main
    motor.o(i.MotorPWM_Start) refers to stm32h7xx_hal_tim.o(i.HAL_TIM_PWM_Start) for HAL_TIM_PWM_Start
    motor.o(i.MotorPWM_Start) refers to tim.o(.bss) for htim4
    motor.o(i.RotateOnce) refers to motor.o(i.MOTOR_A_SetSpeed) for MOTOR_A_SetSpeed
    motor.o(i.RotateOnce) refers to motor.o(i.MOTOR_B_SetSpeed) for MOTOR_B_SetSpeed
    motor.o(i.RotateOnce) refers to motor.o(i.MOTOR_C_SetSpeed) for MOTOR_C_SetSpeed
    motor.o(i.RotateOnce) refers to motor.o(i.MOTOR_D_SetSpeed) for MOTOR_D_SetSpeed
    motor.o(i.RotateOnce) refers to stm32h7xx_hal.o(i.HAL_Delay) for HAL_Delay
    motor.o(i.moveForward) refers to motor.o(i.MOTOR_A_SetSpeed) for MOTOR_A_SetSpeed
    motor.o(i.moveForward) refers to motor.o(i.MOTOR_B_SetSpeed) for MOTOR_B_SetSpeed
    motor.o(i.moveForward) refers to motor.o(i.MOTOR_C_SetSpeed) for MOTOR_C_SetSpeed
    motor.o(i.moveForward) refers to motor.o(i.MOTOR_D_SetSpeed) for MOTOR_D_SetSpeed
    motor.o(i.moving_backwards) refers to motor.o(i.MOTOR_A_SetSpeed) for MOTOR_A_SetSpeed
    motor.o(i.moving_backwards) refers to motor.o(i.MOTOR_B_SetSpeed) for MOTOR_B_SetSpeed
    motor.o(i.moving_backwards) refers to motor.o(i.MOTOR_C_SetSpeed) for MOTOR_C_SetSpeed
    motor.o(i.moving_backwards) refers to motor.o(i.MOTOR_D_SetSpeed) for MOTOR_D_SetSpeed
    motor.o(i.moving_backwards) refers to stm32h7xx_hal.o(i.HAL_Delay) for HAL_Delay
    motor.o(i.moving_forward) refers to motor.o(i.MOTOR_A_SetSpeed) for MOTOR_A_SetSpeed
    motor.o(i.moving_forward) refers to motor.o(i.MOTOR_B_SetSpeed) for MOTOR_B_SetSpeed
    motor.o(i.moving_forward) refers to motor.o(i.MOTOR_C_SetSpeed) for MOTOR_C_SetSpeed
    motor.o(i.moving_forward) refers to motor.o(i.MOTOR_D_SetSpeed) for MOTOR_D_SetSpeed
    motor.o(i.moving_forward) refers to stm32h7xx_hal.o(i.HAL_Delay) for HAL_Delay
    motor.o(i.moving_left) refers to motor.o(i.MOTOR_A_SetSpeed) for MOTOR_A_SetSpeed
    motor.o(i.moving_left) refers to motor.o(i.MOTOR_B_SetSpeed) for MOTOR_B_SetSpeed
    motor.o(i.moving_left) refers to motor.o(i.MOTOR_C_SetSpeed) for MOTOR_C_SetSpeed
    motor.o(i.moving_left) refers to motor.o(i.MOTOR_D_SetSpeed) for MOTOR_D_SetSpeed
    motor.o(i.moving_left) refers to stm32h7xx_hal.o(i.HAL_Delay) for HAL_Delay
    motor.o(i.moving_right) refers to motor.o(i.MOTOR_A_SetSpeed) for MOTOR_A_SetSpeed
    motor.o(i.moving_right) refers to motor.o(i.MOTOR_B_SetSpeed) for MOTOR_B_SetSpeed
    motor.o(i.moving_right) refers to motor.o(i.MOTOR_C_SetSpeed) for MOTOR_C_SetSpeed
    motor.o(i.moving_right) refers to motor.o(i.MOTOR_D_SetSpeed) for MOTOR_D_SetSpeed
    motor.o(i.moving_right) refers to stm32h7xx_hal.o(i.HAL_Delay) for HAL_Delay
    motor.o(i.stop) refers to motor.o(i.MOTOR_A_SetSpeed) for MOTOR_A_SetSpeed
    motor.o(i.stop) refers to motor.o(i.MOTOR_B_SetSpeed) for MOTOR_B_SetSpeed
[...]
    i.HAL_TIM_PWM_ConfigChannel              0x08002972   Section        0  stm32h7xx_hal_tim.o(i.HAL_TIM_PWM_ConfigChannel)
    i.HAL_TIM_PWM_Init                       0x08002a96   Section        0  stm32h7xx_hal_tim.o(i.HAL_TIM_PWM_Init)
    i.HAL_TIM_PWM_MspInit                    0x08002af8   Section        0  tim.o(i.HAL_TIM_PWM_MspInit)
    i.HAL_TIM_PWM_PulseFinishedCallback      0x08002b20   Section        0  stm32h7xx_hal_tim.o(i.HAL_TIM_PWM_PulseFinishedCallback)
    i.HAL_TIM_PWM_Start                      0x08002b24   Section        0  stm32h7xx_hal_tim.o(i.HAL_TIM_PWM_Start)
    i.HAL_TIM_PeriodElapsedCallback          0x08002c48   Section        0  stm32h7xx_hal_tim.o(i.HAL_TIM_PeriodElapsedCallback)
    i.HAL_TIM_TriggerCallback                0x08002c4a   Section        0  stm32h7xx_hal_tim.o(i.HAL_TIM_TriggerCallback)
    i.HAL_UARTEx_DisableFifoMode             0x08002c4c   Section        0  stm32h7xx_hal_uart_ex.o(i.HAL_UARTEx_DisableFifoMode)
    i.HAL_UARTEx_RxEventCallback             0x08002c8c   Section        0  stm32h7xx_hal_uart.o(i.HAL_UARTEx_RxEventCallback)
    i.HAL_UARTEx_RxFifoFullCallback          0x08002c8e   Section        0  stm32h7xx_hal_uart_ex.o(i.HAL_UARTEx_RxFifoFullCallback)
    i.HAL_UARTEx_SetRxFifoThreshold          0x08002c90   Section        0  stm32h7xx_hal_uart_ex.o(i.HAL_UARTEx_SetRxFifoThreshold)
    i.HAL_UARTEx_SetTxFifoThreshold          0x08002cdc   Section        0  stm32h7xx_hal_uart_ex.o(i.HAL_UARTEx_SetTxFifoThreshold)
    i.HAL_UARTEx_TxFifoEmptyCallback         0x08002d28   Section        0  stm32h7xx_hal_uart_ex.o(i.HAL_UARTEx_TxFifoEmptyCallback)
    i.HAL_UARTEx_WakeupCallback              0x08002d2a   Section        0  stm32h7xx_hal_uart_ex.o(i.HAL_UARTEx_WakeupCallback)
    i.HAL_UART_ErrorCallback                 0x08002d2c   Section        0  stm32h7xx_hal_uart.o(i.HAL_UART_ErrorCallback)
    i.HAL_UART_IRQHandler                    0x08002d30   Section        0  stm32h7xx_hal_uart.o(i.HAL_UART_IRQHandler)
    i.HAL_UART_Init                          0x080030b8   Section        0  stm32h7xx_hal_uart.o(i.HAL_UART_Init)
    i.HAL_UART_MspInit                       0x08003124   Section        0  usart.o(i.HAL_UART_MspInit)
    i.HAL_UART_Receive_IT                    0x08003454   Section        0  stm32h7xx_hal_uart.o(i.HAL_UART_Receive_IT)
    i.HAL_UART_RxCpltCallback                0x0800349c   Section        0  main.o(i.HAL_UART_RxCpltCallback)
    i.HAL_UART_Transmit                      0x08003650   Section        0  stm32h7xx_hal_uart.o(i.HAL_UART_Transmit)
    i.HAL_UART_TxCpltCallback                0x08003700   Section        0  stm32h7xx_hal_uart.o(i.HAL_UART_TxCpltCallback)
    i.HardFault_Handler                      0x08003702   Section        0  stm32h7xx_it.o(i.HardFault_Handler)
    i.LED2_On                                0x08003704   Section        0  led.o(i.LED2_On)
    i.LED3_Off                               0x08003714   Section        0  led.o(i.LED3_Off)
    i.LED3_On                                0x08003724   Section        0  led.o(i.LED3_On)
    i.LED3_Turn                              0x08003734   Section        0  led.o(i.LED3_Turn)
    i.MOTOR_A_SetSpeed                       0x08003744   Section        0  motor.o(i.MOTOR_A_SetSpeed)
    i.MOTOR_B_SetSpeed                       0x08003780   Section        0  motor.o(i.MOTOR_B_SetSpeed)
    i.MOTOR_C_SetSpeed                       0x080037bc   Section        0  motor.o(i.MOTOR_C_SetSpeed)
    i.MOTOR_D_SetSpeed                       0x080037f8   Section        0  motor.o(i.MOTOR_D_SetSpeed)
    i.MX_GPIO_Init                           0x08003834   Section        0  gpio.o(i.MX_GPIO_Init)
    i.MX_TIM4_Init                           0x0800396c   Section        0  tim.o(i.MX_TIM4_Init)
    i.MX_TIM5_Init                           0x08003a38   Section        0  tim.o(i.MX_TIM5_Init)
    i.MX_TIM8_Init                           0x08003aac   Section        0  tim.o(i.MX_TIM8_Init)
    i.MX_UART4_Init                          0x08003bb0   Section        0  usart.o(i.MX_UART4_Init)
    i.MX_USART10_UART_Init                   0x08003c18   Section        0  usart.o(i.MX_USART10_UART_Init)
    i.MX_USART1_UART_Init                    0x08003c80   Section        0  usart.o(i.MX_USART1_UART_Init)
    i.MX_USART2_UART_Init                    0x08003ce8   Section        0  usart.o(i.MX_USART2_UART_Init)
    i.MX_USART3_UART_Init                    0x08003d50   Section        0  usart.o(i.MX_USART3_UART_Init)
    i.MX_USART6_UART_Init                    0x08003db8   Section        0  usart.o(i.MX_USART6_UART_Init)
    i.MemManage_Handler                      0x08003e20   Section        0  stm32h7xx_it.o(i.MemManage_Handler)
    i.MotorPWM_Start                         0x08003e24   Section        0  motor.o(i.MotorPWM_Start)
    i.NMI_Handler                            0x08003e74   Section        0  stm32h7xx_it.o(i.NMI_Handler)
    i.PendSV_Handler                         0x08003e76   Section        0  stm32h7xx_it.o(i.PendSV_Handler)
    i.RCCEx_PLL2_Config                      0x08003e78   Section        0  stm32h7xx_hal_rcc_ex.o(i.RCCEx_PLL2_Config)
    RCCEx_PLL2_Config                        0x08003e79   Thumb Code   284  stm32h7xx_hal_rcc_ex.o(i.RCCEx_PLL2_Config)
    i.RCCEx_PLL3_Config                      0x08003f98   Section        0  stm32h7xx_hal_rcc_ex.o(i.RCCEx_PLL3_Config)
    RCCEx_PLL3_Config                        0x08003f99   Thumb Code   284  stm32h7xx_hal_rcc_ex.o(i.RCCEx_PLL3_Config)
    i.Rfid_Get_Num                           0x080040b8   Section        0  rfid.o(i.Rfid_Get_Num)
    i.SVC_Handler                            0x08004124   Section        0  stm32h7xx_it.o(i.SVC_Handler)
    i.Serial_GetNum                          0x08004128   Section        0  main.o(i.Serial_GetNum)
    i.Serial_GetRxFlag                       0x08004150   Section        0  main.o(i.Serial_GetRxFlag)
    i.Serial_GetRxFlag1                      0x08004168   Section        0  main.o(i.Serial_GetRxFlag1)
    i.Serial_GetRxFlag_rfid                  0x08004180   Section        0  rfid.o(i.Serial_GetRxFlag_rfid)
    i.ServoPWM_Start                         0x08004198   Section        0  servo.o(i.ServoPWM_Start)
    i.SysTick_Handler                        0x080041a4   Section        0  stm32h7xx_it.o(i.SysTick_Handler)
    i.SystemClock_Config                     0x080041a8   Section        0  main.o(i.SystemClock_Config)
    i.SystemInit                             0x08004240   Section        0  system_stm32h7xx.o(i.SystemInit)
    i.TIM4_IRQHandler                        0x08004300   Section        0  stm32h7xx_it.o(i.TIM4_IRQHandler)
    i.TIM_Base_SetConfig                     0x0800430c   Section        0  stm32h7xx_hal_tim.o(i.TIM_Base_SetConfig)
    i.TIM_CCxChannelCmd                      0x080043f0   Section        0  stm32h7xx_hal_tim.o(i.TIM_CCxChannelCmd)
    i.TIM_ETR_SetConfig                      0x0800440a   Section        0  stm32h7xx_hal_tim.o(i.TIM_ETR_SetConfig)
    i.TIM_ITRx_SetConfig                     0x0800441c   Section        0  stm32h7xx_hal_tim.o(i.TIM_ITRx_SetConfig)
    TIM_ITRx_SetConfig                       0x0800441d   Thumb Code    16  stm32h7xx_hal_tim.o(i.TIM_ITRx_SetConfig)
    i.TIM_OC1_SetConfig                      0x08004430   Section        0  stm32h7xx_hal_tim.o(i.TIM_OC1_SetConfig)
    TIM_OC1_SetConfig                        0x08004431   Thumb Code   140  stm32h7xx_hal_tim.o(i.TIM_OC1_SetConfig)
    i.TIM_OC2_SetConfig                      0x080044d4   Section        0  stm32h7xx_hal_tim.o(i.TIM_OC2_SetConfig)
    i.TIM_OC3_SetConfig                      0x0800456c   Section        0  stm32h7xx_hal_tim.o(i.TIM_OC3_SetConfig)
    TIM_OC3_SetConfig                        0x0800456d   Thumb Code   126  stm32h7xx_hal_tim.o(i.TIM_OC3_SetConfig)
    i.TIM_OC4_SetConfig                      0x08004604   Section        0  stm32h7xx_hal_tim.o(i.TIM_OC4_SetConfig)
    TIM_OC4_SetConfig                        0x08004605   Thumb Code    96  stm32h7xx_hal_tim.o(i.TIM_OC4_SetConfig)
    i.TIM_OC5_SetConfig                      0x0800467c   Section        0  stm32h7xx_hal_tim.o(i.TIM_OC5_SetConfig)
    TIM_OC5_SetConfig                        0x0800467d   Thumb Code    90  stm32h7xx_hal_tim.o(i.TIM_OC5_SetConfig)
    i.TIM_OC6_SetConfig                      0x080046f0   Section        0  stm32h7xx_hal_tim.o(i.TIM_OC6_SetConfig)
    TIM_OC6_SetConfig                        0x080046f1   Thumb Code    90  stm32h7xx_hal_tim.o(i.TIM_OC6_SetConfig)
    i.TIM_TI1_ConfigInputStage               0x08004764   Section        0  stm32h7xx_hal_tim.o(i.TIM_TI1_ConfigInputStage)
    TIM_TI1_ConfigInputStage                 0x08004765   Thumb Code    34  stm32h7xx_hal_tim.o(i.TIM_TI1_ConfigInputStage)
    i.TIM_TI2_ConfigInputStage               0x08004786   Section        0  stm32h7xx_hal_tim.o(i.TIM_TI2_ConfigInputStage)
    TIM_TI2_ConfigInputStage                 0x08004787   Thumb Code    36  stm32h7xx_hal_tim.o(i.TIM_TI2_ConfigInputStage)
    i.ThrowingPackages                       0x080047aa   Section        0  contral.o(i.ThrowingPackages)
    i.UART4_IRQHandler                       0x080047e4   Section        0  stm32h7xx_it.o(i.UART4_IRQHandler)
    i.UARTEx_SetNbDataToProcess              0x080047f0   Section        0  stm32h7xx_hal_uart_ex.o(i.UARTEx_SetNbDataToProcess)
    UARTEx_SetNbDataToProcess                0x080047f1   Thumb Code    62  stm32h7xx_hal_uart_ex.o(i.UARTEx_SetNbDataToProcess)
    i.UART_AdvFeatureConfig                  0x08004834   Section        0  stm32h7xx_hal_uart.o(i.UART_AdvFeatureConfig)
    i.UART_CheckIdleState                    0x080048fc   Section        0  stm32h7xx_hal_uart.o(i.UART_CheckIdleState)
    i.UART_DMAAbortOnError                   0x080049a6   Section        0  stm32h7xx_hal_uart.o(i.UART_DMAAbortOnError)
    UART_DMAAbortOnError                     0x080049a7   Thumb Code    20  stm32h7xx_hal_uart.o(i.UART_DMAAbortOnError)
    i.UART_EndRxTransfer                     0x080049bc   Section        0  stm32h7xx_hal_uart.o(i.UART_EndRxTransfer)
    UART_EndRxTransfer                       0x080049bd   Thumb Code    78  stm32h7xx_hal_uart.o(i.UART_EndRxTransfer)
    i.UART_RxISR_16BIT                       0x08004a10   Section        0  stm32h7xx_hal_uart.o(i.UART_RxISR_16BIT)
    UART_RxISR_16BIT                         0x08004a11   Thumb Code   196  stm32h7xx_hal_uart.o(i.UART_RxISR_16BIT)
    i.UART_RxISR_16BIT_FIFOEN                0x08004ad8   Section        0  stm32h7xx_hal_uart.o(i.UART_RxISR_16BIT_FIFOEN)
    UART_RxISR_16BIT_FIFOEN                  0x08004ad9   Thumb Code   404  stm32h7xx_hal_uart.o(i.UART_RxISR_16BIT_FIFOEN)
    i.UART_RxISR_8BIT                        0x08004c78   Section        0  stm32h7xx_hal_uart.o(i.UART_RxISR_8BIT)
    UART_RxISR_8BIT                          0x08004c79   Thumb Code   196  stm32h7xx_hal_uart.o(i.UART_RxISR_8BIT)
    i.UART_RxISR_8BIT_FIFOEN                 0x08004d40   Section        0  stm32h7xx_hal_uart.o(i.UART_RxISR_8BIT_FIFOEN)
    UART_RxISR_8BIT_FIFOEN                   0x08004d41   Thumb Code   404  stm32h7xx_hal_uart.o(i.UART_RxISR_8BIT_FIFOEN)
    i.UART_SetConfig                         0x08004ee0   Section        0  stm32h7xx_hal_uart.o(i.UART_SetConfig)
    i.UART_Start_Receive_IT                  0x080052bc   Section        0  stm32h7xx_hal_uart.o(i.UART_Start_Receive_IT)
    i.UART_WaitOnFlagUntilTimeout            0x080053cc   Section        0  stm32h7xx_hal_uart.o(i.UART_WaitOnFlagUntilTimeout)
    i.USART10_IRQHandler                     0x08005460   Section        0  stm32h7xx_it.o(i.USART10_IRQHandler)
    i.USART1_IRQHandler                      0x0800546c   Section        0  stm32h7xx_it.o(i.USART1_IRQHandler)
    i.USART2_IRQHandler                      0x08005478   Section        0  stm32h7xx_it.o(i.USART2_IRQHandler)
    i.USART3_IRQHandler                      0x08005484   Section        0  stm32h7xx_it.o(i.USART3_IRQHandler)
    i.USART6_IRQHandler                      0x08005490   Section        0  stm32h7xx_it.o(i.USART6_IRQHandler)
    i.UsageFault_Handler                     0x0800549c   Section        0  stm32h7xx_it.o(i.UsageFault_Handler)
    i.__0printf$6                            0x080054a0   Section        0  printf6.o(i.__0printf$6)
    i.__0snprintf$6                          0x080054c0   Section        0  printf6.o(i.__0snprintf$6)
    i.__NVIC_SetPriority                     0x080054f0   Section        0  stm32h7xx_hal_cortex.o(i.__NVIC_SetPriority)
    __NVIC_SetPriority                       0x080054f1   Thumb Code    34  stm32h7xx_hal_cortex.o(i.__NVIC_SetPriority)
    i.__scatterload_copy                     0x08005512   Section       14  handlers.o(i.__scatterload_copy)
    i.__scatterload_null                     0x08005520   Section        2  handlers.o(i.__scatterload_null)
    i.__scatterload_zeroinit                 0x08005522   Section       14  handlers.o(i.__scatterload_zeroinit)
    i._printf_core                           0x08005530   Section        0  printf6.o(i._printf_core)
    _printf_core                             0x08005531   Thumb Code   748  printf6.o(i._printf_core)
    i._printf_post_padding                   0x08005820   Section        0  printf6.o(i._printf_post_padding)
    _printf_post_padding                     0x08005821   Thumb Code    36  printf6.o(i._printf_post_padding)
    i._printf_pre_padding                    0x08005844   Section        0  printf6.o(i._printf_pre_padding)
    _printf_pre_padding                      0x08005845   Thumb Code    46  printf6.o(i._printf_pre_padding)
    i._snputc                                0x08005872   Section        0  printf6.o(i._snputc)
    _snputc                                  0x08005873   Thumb Code    22  printf6.o(i._snputc)
    i.arrays_are_equal                       0x08005888   Section        0  rfid.o(i.arrays_are_equal)
    i.charArrayToIntArray                    0x080058a8   Section        0  main.o(i.charArrayToIntArray)
    i.control_flow                           0x080058c4   Section        0  main.o(i.control_flow)
    i.followTrail                            0x08005918   Section        0  grayscale_sensor.o(i.followTrail)
    i.followTrail_distance                   0x08005a6c   Section        0  grayscale_sensor.o(i.followTrail_distance)
    i.fputc                                  0x08005a90   Section        0  usart.o(i.fputc)
    i.main                                   0x08005aac   Section        0  main.o(i.main)
    i.mode1                                  0x08005bc0   Section        0  main.o(i.mode1)
    i.mode2                                  0x08005cb4   Section        0  main.o(i.mode2)
    i.mode3                                  0x08005d64   Section        0  main.o(i.mode3)
    i.mode4                                  0x08005e50   Section        0  main.o(i.mode4)
    i.modeExit                               0x08005f2c   Section        0  main.o(i.modeExit)
    i.modeSelection                          0x08005f68   Section        0  main.o(i.modeSelection)
    i.moveForward                            0x08006004   Section        0  motor.o(i.moveForward)
    i.moving_left                            0x08006024   Section        0  motor.o(i.moving_left)
    i.moving_right                           0x08006062   Section        0  motor.o(i.moving_right)
    i.returnToStartingPoint                  0x080060a0   Section        0  contral.o(i.returnToStartingPoint)
    i.rotate_servo                           0x08006100   Section        0  servo.o(i.rotate_servo)
    i.serial_screen_output                   0x0800613c   Section        0  screen.o(i.serial_screen_output)
    i.servoControl                           0x08006180   Section        0  servo.o(i.servoControl)
    i.stop                                   0x080061bc   Section        0  motor.o(i.stop)
    i.task1                                  0x080061d8   Section        0  contral.o(i.task1)
    i.task2                                  0x08006268   Section        0  contral.o(i.task2)
    i.task3                                  0x080062f8   Section        0  contral.o(i.task3)
    i.turnLeft                               0x08006388   Section        0  motor.o(i.turnLeft)
    i.turnRight                              0x080063a8   Section        0  motor.o(i.turnRight)
    i.uint8_array_to_number_string           0x080063c8   Section        0  main.o(i.uint8_array_to_number_string)
    .constdata                               0x08006420   Section      189  main.o(.constdata)
    .constdata                               0x080064dd   Section       22  main.o(.constdata)
    .constdata                               0x080064f3   Section       22  main.o(.constdata)
    .constdata                               0x08006509   Section       22  main.o(.constdata)
    .constdata                               0x0800651f   Section       22  main.o(.constdata)
    .constdata                               0x08006535   Section       16  main.o(.constdata)
    .constdata                               0x08006545   Section       16  main.o(.constdata)
    .constdata                               0x08006556   Section       24  stm32h7xx_hal_uart.o(.constdata)
    .constdata                               0x0800656e   Section       16  stm32h7xx_hal_uart_ex.o(.constdata)
    numerator                                0x0800656e   Data           8  stm32h7xx_hal_uart_ex.o(.constdata)
    denominator                              0x08006576   Data           8  stm32h7xx_hal_uart_ex.o(.constdata)
    .constdata                               0x0800657e   Section       16  system_stm32h7xx.o(.constdata)
    .data                                    0x24000000   Section        3  contral.o(.data)
    out_state                                0x24000000   Data           1  contral.o(.data)
    out_state2                               0x24000001   Data           1  contral.o(.data)
    out_state3                               0x24000002   Data           1  contral.o(.data)
    .data                                    0x24000003   Section        1  main.o(.data)
    .data                                    0x24000004   Section        1  main.o(.data)
    .data                                    0x24000005   Section       35  main.o(.data)
    RxState                                  0x24000010   Data           1  main.o(.data)
    pRxPacket                                0x24000011   Data           1  main.o(.data)
    RxState_rfid                             0x24000012   Data           1  main.o(.data)
    pRxPacket_rfid                           0x24000013   Data           1  main.o(.data)
    count                                    0x24000014   Data           1  main.o(.data)
    .data                                    0x24000028   Section        6  main.o(.data)
    .data                                    0x2400002e   Section        6  main.o(.data)
    .data                                    0x24000034   Section        6  main.o(.data)
    .data                                    0x2400003a   Section        1  main.o(.data)
    .data                                    0x2400003c   Section       12  stm32h7xx_hal.o(.data)
    .data                                    0x24000048   Section        8  system_stm32h7xx.o(.data)
    .data                                    0x24000050   Section        4  stdout.o(.data)
    .bss                                     0x24000054   Section      110  main.o(.bss)
    .bss                                     0x240000c4   Section      228  tim.o(.bss)
    .bss                                     0x240001a8   Section      888  usart.o(.bss)
    STACK                                    0x24000520   Section     1024  startup_stm32h723xx.o(STACK)

    Global Symbols

    Symbol Name                              Value     Ov Type        Size  Object(Section)

    BuildAttributes$$THM_ISAv4$E$P$D$K$B$S$7EM$VFPv5_D16$PE$PLD8$A:L22UL41UL21$X:L11$S22US41US21$IEEE1$IW$USESV6$~STKCKD$USESV7$~SHL$OSPACE$ROPI$EBA8$MICROLIB$REQ8$PRES8$EABIv2 0x00000000   Number         0  anon$$obj.o ABSOLUTE
    __ARM_use_no_argv                        0x00000000   Number         0  main.o ABSOLUTE
    _printf_a                                0x00000000   Number         0  stubs.o ABSOLUTE
    _printf_c                                0x00000000   Number         0  stubs.o ABSOLUTE
    _printf_charcount                        0x00000000   Number         0  stubs.o ABSOLUTE
    _printf_d                                0x00000000   Number         0  stubs.o ABSOLUTE
    _printf_e                                0x00000000   Number         0  stubs.o ABSOLUTE
    _printf_f                                0x00000000   Number         0  stubs.o ABSOLUTE
    _printf_flags                            0x00000000   Number         0  stubs.o ABSOLUTE
    _printf_fp_dec                           0x00000000   Number         0  stubs.o ABSOLUTE
    _printf_fp_hex                           0x00000000   Number         0  stubs.o ABSOLUTE
    _printf_g                                0x00000000   Number         0  stubs.o ABSOLUTE
    _printf_i                                0x00000000   Number         0  stubs.o ABSOLUTE
    _printf_int_dec                          0x00000000   Number         0  stubs.o ABSOLUTE
    _printf_l                                0x00000000   Number         0  stubs.o ABSOLUTE
    _printf_lc                               0x00000000   Number         0  stubs.o ABSOLUTE
    _printf_ll                               0x00000000   Number         0  stubs.o ABSOLUTE
    _printf_lld                              0x00000000   Number         0  stubs.o ABSOLUTE
    _printf_lli                              0x00000000   Number         0  stubs.o ABSOLUTE
    _printf_llo                              0x00000000   Number         0  stubs.o ABSOLUTE
    _printf_llu                              0x00000000   Number         0  stubs.o ABSOLUTE
    _printf_llx                              0x00000000   Number         0  stubs.o ABSOLUTE
    _printf_longlong_dec                     0x00000000   Number         0  stubs.o ABSOLUTE
    _printf_longlong_hex                     0x00000000   Number         0  stubs.o ABSOLUTE
    _printf_longlong_oct                     0x00000000   Number         0  stubs.o ABSOLUTE
    _printf_ls                               0x00000000   Number         0  stubs.o ABSOLUTE
    _printf_mbtowc                           0x00000000   Number         0  stubs.o ABSOLUTE
    _printf_n                                0x00000000   Number         0  stubs.o ABSOLUTE
    _printf_o                                0x00000000   Number         0  stubs.o ABSOLUTE
    _printf_p                                0x00000000   Number         0  stubs.o ABSOLUTE
    _printf_percent                          0x00000000   Number         0  stubs.o ABSOLUTE
    _printf_pre_padding                      0x00000000   Number         0  stubs.o ABSOLUTE
    _printf_return_value                     0x00000000   Number         0  stubs.o ABSOLUTE
    _printf_s                                0x00000000   Number         0  stubs.o ABSOLUTE
    _printf_sizespec                         0x00000000   Number         0  stubs.o ABSOLUTE
    _printf_str                              0x00000000   Number         0  stubs.o ABSOLUTE
    _printf_truncate_signed                  0x00000000   Number         0  stubs.o ABSOLUTE
    _printf_truncate_unsigned                0x00000000   Number         0  stubs.o ABSOLUTE
    _printf_u                                0x00000000   Number         0  stubs.o ABSOLUTE
    _printf_wc                               0x00000000   Number         0  stubs.o ABSOLUTE
    _printf_wctomb                           0x00000000   Number         0  stubs.o ABSOLUTE
    _printf_widthprec                        0x00000000   Number         0  stubs.o ABSOLUTE
    _printf_x                                0x00000000   Number         0  stubs.o ABSOLUTE
    __cpp_initialize__aeabi_                  - Undefined Weak Reference
    __cxa_finalize                            - Undefined Weak Reference
    __decompress                              - Undefined Weak Reference
    _clock_init                               - Undefined Weak Reference
    _microlib_exit                            - Undefined Weak Reference
    __Vectors_Size                           0x000002cc   Number         0  startup_stm32h723xx.o ABSOLUTE
    __Vectors                                0x08000000   Data           4  startup_stm32h723xx.o(RESET)
    __Vectors_End                            0x080002cc   Data           0  startup_stm32h723xx.o(RESET)
    __main                                   0x080002cd   Thumb Code     0  entry.o(.ARM.Collect$$$$00000000)
    _main_stk                                0x080002cd   Thumb Code     0  entry2.o(.ARM.Collect$$$$00000001)
    _main_scatterload                        0x080002d1   Thumb Code     0  entry5.o(.ARM.Collect$$$$00000004)
    __main_after_scatterload                 0x080002d5   Thumb Code     0  entry5.o(.ARM.Collect$$$$00000004)
    _main_clock                              0x080002d5   Thumb Code     0  entry7b.o(.ARM.Collect$$$$00000008)
    _main_cpp_init                           0x080002d5   Thumb Code     0  entry8b.o(.ARM.Collect$$$$0000000A)
    _main_init                               0x080002d5   Thumb Code     0  entry9a.o(.ARM.Collect$$$$0000000B)
    __rt_final_cpp                           0x080002dd   Thumb Code     0  entry10a.o(.ARM.Collect$$$$0000000D)
    __rt_final_exit                          0x080002dd   Thumb Code     0  entry11a.o(.ARM.Collect$$$$0000000F)
    Reset_Handler                            0x080002e1   Thumb Code     8  startup_stm32h723xx.o(.text)
    ADC3_IRQHandler                          0x080002fb   Thumb Code     0  startup_stm32h723xx.o(.text)
    ADC_IRQHandler                           0x080002fb   Thumb Code     0  startup_stm32h723xx.o(.text)
    BDMA_Channel0_IRQHandler                 0x080002fb   Thumb Code     0  startup_stm32h723xx.o(.text)
    BDMA_Channel1_IRQHandler                 0x080002fb   Thumb Code     0  startup_stm32h723xx.o(.text)
    BDMA_Channel2_IRQHandler                 0x080002fb   Thumb Code     0  startup_stm32h723xx.o(.text)
    BDMA_Channel3_IRQHandler                 0x080002fb   Thumb Code     0  startup_stm32h723xx.o(.text)
    BDMA_Channel4_IRQHandler                 0x080002fb   Thumb Code     0  startup_stm32h723xx.o(.text)
    BDMA_Channel5_IRQHandler                 0x080002fb   Thumb Code     0  startup_stm32h723xx.o(.text)
    BDMA_Channel6_IRQHandler                 0x080002fb   Thumb Code     0  startup_stm32h723xx.o(.text)
    BDMA_Channel7_IRQHandler                 0x080002fb   Thumb Code     0  startup_stm32h723xx.o(.text)
    CEC_IRQHandler                           0x080002fb   Thumb Code     0  startup_stm32h723xx.o(.text)
    COMP1_IRQHandler                         0x080002fb   Thumb Code     0  startup_stm32h723xx.o(.text)
    CORDIC_IRQHandler                        0x080002fb   Thumb Code     0  startup_stm32h723xx.o(.text)
    CRS_IRQHandler                           0x080002fb   Thumb Code     0  startup_stm32h723xx.o(.text)
    DCMI_PSSI_IRQHandler                     0x080002fb   Thumb Code     0  startup_stm32h723xx.o(.text)
    DFSDM1_FLT0_IRQHandler                   0x080002fb   Thumb Code     0  startup_stm32h723xx.o(.text)
    DFSDM1_FLT1_IRQHandler                   0x080002fb   Thumb Code     0  startup_stm32h723xx.o(.text)
    DFSDM1_FLT2_IRQHandler                   0x080002fb   Thumb Code     0  startup_stm32h723xx.o(.text)
    DFSDM1_FLT3_IRQHandler                   0x080002fb   Thumb Code     0  startup_stm32h723xx.o(.text)
    DMA1_Stream0_IRQHandler                  0x080002fb   Thumb Code     0  startup_stm32h723xx.o(.text)
    DMA1_Stream1_IRQHandler                  0x080002fb   Thumb Code     0  startup_stm32h723xx.o(.text)
    DMA1_Stream2_IRQHandler                  0x080002fb   Thumb Code     0  startup_stm32h723xx.o(.text)
    DMA1_Stream3_IRQHandler                  0x080002fb   Thumb Code     0  startup_stm32h723xx.o(.text)
    DMA1_Stream4_IRQHandler                  0x080002fb   Thumb Code     0  startup_stm32h723xx.o(.text)
    DMA1_Stream5_IRQHandler                  0x080002fb   Thumb Code     0  startup_stm32h723xx.o(.text)
    DMA1_Stream6_IRQHandler                  0x080002fb   Thumb Code     0  startup_stm32h723xx.o(.text)
    DMA1_Stream7_IRQHandler                  0x080002fb   Thumb Code     0  startup_stm32h723xx.o(.text)
    DMA2D_IRQHandler                         0x080002fb   Thumb Code     0  startup_stm32h723xx.o(.text)
    DMA2_Stream0_IRQHandler                  0x080002fb   Thumb Code     0  startup_stm32h723xx.o(.text)
    DMA2_Stream1_IRQHandler                  0x080002fb   Thumb Code     0  startup_stm32h723xx.o(.text)
    DMA2_Stream2_IRQHandler                  0x080002fb   Thumb Code     0  startup_stm32h723xx.o(.text)
    DMA2_Stream3_IRQHandler                  0x080002fb   Thumb Code     0  startup_stm32h723xx.o(.text)
    DMA2_Stream4_IRQHandler                  0x080002fb   Thumb Code     0  startup_stm32h723xx.o(.text)
    DMA2_Stream5_IRQHandler                  0x080002fb   Thumb Code     0  startup_stm32h723xx.o(.text)
    DMA2_Stream6_IRQHandler                  0x080002fb   Thumb Code     0  startup_stm32h723xx.o(.text)
    DMA2_Stream7_IRQHandler                  0x080002fb   Thumb Code     0  startup_stm32h723xx.o(.text)
    DMAMUX1_OVR_IRQHandler                   0x080002fb   Thumb Code     0  startup_stm32h723xx.o(.text)
    DMAMUX2_OVR_IRQHandler                   0x080002fb   Thumb Code     0  startup_stm32h723xx.o(.text)
    DTS_IRQHandler                           0x080002fb   Thumb Code     0  startup_stm32h723xx.o(.text)
    ECC_IRQHandler                           0x080002fb   Thumb Code     0  startup_stm32h723xx.o(.text)
    ETH_IRQHandler                           0x080002fb   Thumb Code     0  startup_stm32h723xx.o(.text)
    ETH_WKUP_IRQHandler                      0x080002fb   Thumb Code     0  startup_stm32h723xx.o(.text)
    EXTI0_IRQHandler                         0x080002fb   Thumb Code     0  startup_stm32h723xx.o(.text)
    EXTI15_10_IRQHandler                     0x080002fb   Thumb Code     0  startup_stm32h723xx.o(.text)
    EXTI1_IRQHandler                         0x080002fb   Thumb Code     0  startup_stm32h723xx.o(.text)
    EXTI2_IRQHandler                         0x080002fb   Thumb Code     0  startup_stm32h723xx.o(.text)
    EXTI3_IRQHandler                         0x080002fb   Thumb Code     0  startup_stm32h723xx.o(.text)
    EXTI4_IRQHandler                         0x080002fb   Thumb Code     0  startup_stm32h723xx.o(.text)
    EXTI9_5_IRQHandler                       0x080002fb   Thumb Code     0  startup_stm32h723xx.o(.text)
    FDCAN1_IT0_IRQHandler                    0x080002fb   Thumb Code     0  startup_stm32h723xx.o(.text)
    FDCAN1_IT1_IRQHandler                    0x080002fb   Thumb Code     0  startup_stm32h723xx.o(.text)
    FDCAN2_IT0_IRQHandler                    0x080002fb   Thumb Code     0  startup_stm32h723xx.o(.text)
    FDCAN2_IT1_IRQHandler                    0x080002fb   Thumb Code     0  startup_stm32h723xx.o(.text)
    FDCAN3_IT0_IRQHandler                    0x080002fb   Thumb Code     0  startup_stm32h723xx.o(.text)
    FDCAN3_IT1_IRQHandler                    0x080002fb   Thumb Code     0  startup_stm32h723xx.o(.text)
    FDCAN_CAL_IRQHandler                     0x080002fb   Thumb Code     0  startup_stm32h723xx.o(.text)
    FLASH_IRQHandler                         0x080002fb   Thumb Code     0  startup_stm32h723xx.o(.text)
    FMAC_IRQHandler                          0x080002fb   Thumb Code     0  startup_stm32h723xx.o(.text)
    FMC_IRQHandler                           0x080002fb   Thumb Code     0  startup_stm32h723xx.o(.text)
    FPU_IRQHandler                           0x080002fb   Thumb Code     0  startup_stm32h723xx.o(.text)
    HSEM1_IRQHandler                         0x080002fb   Thumb Code     0  startup_stm32h723xx.o(.text)
    I2C1_ER_IRQHandler                       0x080002fb   Thumb Code     0  startup_stm32h723xx.o(.text)
    I2C1_EV_IRQHandler                       0x080002fb   Thumb Code     0  startup_stm32h723xx.o(.text)
    I2C2_ER_IRQHandler                       0x080002fb   Thumb Code     0  startup_stm32h723xx.o(.text)
    I2C2_EV_IRQHandler                       0x080002fb   Thumb Code     0  startup_stm32h723xx.o(.text)
    I2C3_ER_IRQHandler                       0x080002fb   Thumb Code     0  startup_stm32h723xx.o(.text)
    I2C3_EV_IRQHandler                       0x080002fb   Thumb Code     0  startup_stm32h723xx.o(.text)
    I2C4_ER_IRQHandler                       0x080002fb   Thumb Code     0  startup_stm32h723xx.o(.text)
    I2C4_EV_IRQHandler                       0x080002fb   Thumb Code     0  startup_stm32h723xx.o(.text)
    I2C5_ER_IRQHandler                       0x080002fb   Thumb Code     0  startup_stm32h723xx.o(.text)
    I2C5_EV_IRQHandler                       0x080002fb   Thumb Code     0  startup_stm32h723xx.o(.text)
    LPTIM1_IRQHandler                        0x080002fb   Thumb Code     0  startup_stm32h723xx.o(.text)
    LPTIM2_IRQHandler                        0x080002fb   Thumb Code     0  startup_stm32h723xx.o(.text)
    LPTIM3_IRQHandler                        0x080002fb   Thumb Code     0  startup_stm32h723xx.o(.text)
    LPTIM4_IRQHandler                        0x080002fb   Thumb Code     0  startup_stm32h723xx.o(.text)
    LPTIM5_IRQHandler                        0x080002fb   Thumb Code     0  startup_stm32h723xx.o(.text)
    LPUART1_IRQHandler                       0x080002fb   Thumb Code     0  startup_stm32h723xx.o(.text)
    LTDC_ER_IRQHandler                       0x080002fb   Thumb Code     0  startup_stm32h723xx.o(.text)
    LTDC_IRQHandler                          0x080002fb   Thumb Code     0  startup_stm32h723xx.o(.text)
    MDIOS_IRQHandler                         0x080002fb   Thumb Code     0  startup_stm32h723xx.o(.text)
    MDIOS_WKUP_IRQHandler                    0x080002fb   Thumb Code     0  startup_stm32h723xx.o(.text)
    MDMA_IRQHandler                          0x080002fb   Thumb Code     0  startup_stm32h723xx.o(.text)
    OCTOSPI1_IRQHandler                      0x080002fb   Thumb Code     0  startup_stm32h723xx.o(.text)
    OCTOSPI2_IRQHandler                      0x080002fb   Thumb Code     0  startup_stm32h723xx.o(.text)
    OTG_HS_EP1_IN_IRQHandler                 0x080002fb   Thumb Code     0  startup_stm32h723xx.o(.text)
    OTG_HS_EP1_OUT_IRQHandler                0x080002fb   Thumb Code     0  startup_stm32h723xx.o(.text)
    OTG_HS_IRQHandler                        0x080002fb   Thumb Code     0  startup_stm32h723xx.o(.text)
    OTG_HS_WKUP_IRQHandler                   0x080002fb   Thumb Code     0  startup_stm32h723xx.o(.text)
    PVD_AVD_IRQHandler                       0x080002fb   Thumb Code     0  startup_stm32h723xx.o(.text)
    RCC_IRQHandler                           0x080002fb   Thumb Code     0  startup_stm32h723xx.o(.text)
    RNG_IRQHandler                           0x080002fb   Thumb Code     0  startup_stm32h723xx.o(.text)
    RTC_Alarm_IRQHandler                     0x080002fb   Thumb Code     0  startup_stm32h723xx.o(.text)
    RTC_WKUP_IRQHandler                      0x080002fb   Thumb Code     0  startup_stm32h723xx.o(.text)
    SAI1_IRQHandler                          0x080002fb   Thumb Code     0  startup_stm32h723xx.o(.text)
    SAI4_IRQHandler                          0x080002fb   Thumb Code     0  startup_stm32h723xx.o(.text)
    SDMMC1_IRQHandler                        0x080002fb   Thumb Code     0  startup_stm32h723xx.o(.text)
    SDMMC2_IRQHandler                        0x080002fb   Thumb Code     0  startup_stm32h723xx.o(.text)
    SPDIF_RX_IRQHandler                      0x080002fb   Thumb Code     0  startup_stm32h723xx.o(.text)
    SPI1_IRQHandler                          0x080002fb   Thumb Code     0  startup_stm32h723xx.o(.text)
    SPI2_IRQHandler                          0x080002fb   Thumb Code     0  startup_stm32h723xx.o(.text)
    SPI3_IRQHandler                          0x080002fb   Thumb Code     0  startup_stm32h723xx.o(.text)
    SPI4_IRQHandler                          0x080002fb   Thumb Code     0  startup_stm32h723xx.o(.text)
    SPI5_IRQHandler                          0x080002fb   Thumb Code     0  startup_stm32h723xx.o(.text)
    SPI6_IRQHandler                          0x080002fb   Thumb Code     0  startup_stm32h723xx.o(.text)
    SWPMI1_IRQHandler                        0x080002fb   Thumb Code     0  startup_stm32h723xx.o(.text)
    TAMP_STAMP_IRQHandler                    0x080002fb   Thumb Code     0  startup_stm32h723xx.o(.text)
    TIM15_IRQHandler                         0x080002fb   Thumb Code     0  startup_stm32h723xx.o(.text)
    TIM16_IRQHandler                         0x080002fb   Thumb Code     0  startup_stm32h723xx.o(.text)
    TIM17_IRQHandler                         0x080002fb   Thumb Code     0  startup_stm32h723xx.o(.text)
    TIM1_BRK_IRQHandler                      0x080002fb   Thumb Code     0  startup_stm32h723xx.o(.text)
    TIM1_CC_IRQHandler                       0x080002fb   Thumb Code     0  startup_stm32h723xx.o(.text)
    TIM1_TRG_COM_IRQHandler                  0x080002fb   Thumb Code     0  startup_stm32h723xx.o(.text)
    TIM1_UP_IRQHandler                       0x080002fb   Thumb Code     0  startup_stm32h723xx.o(.text)
    TIM23_IRQHandler                         0x080002fb   Thumb Code     0  startup_stm32h723xx.o(.text)
    TIM24_IRQHandler                         0x080002fb   Thumb Code     0  startup_stm32h723xx.o(.text)
    TIM2_IRQHandler                          0x080002fb   Thumb Code     0  startup_stm32h723xx.o(.text)
    TIM3_IRQHandler                          0x080002fb   Thumb Code     0  startup_stm32h723xx.o(.text)
    TIM5_IRQHandler                          0x080002fb   Thumb Code     0  startup_stm32h723xx.o(.text)
    TIM6_DAC_IRQHandler                      0x080002fb   Thumb Code     0  startup_stm32h723xx.o(.text)
    TIM7_IRQHandler                          0x080002fb   Thumb Code     0  startup_stm32h723xx.o(.text)
    TIM8_BRK_TIM12_IRQHandler                0x080002fb   Thumb Code     0  startup_stm32h723xx.o(.text)
    TIM8_CC_IRQHandler                       0x080002fb   Thumb Code     0  startup_stm32h723xx.o(.text)
    TIM8_TRG_COM_TIM14_IRQHandler            0x080002fb   Thumb Code     0  startup_stm32h723xx.o(.text)
    TIM8_UP_TIM13_IRQHandler                 0x080002fb   Thumb Code     0  startup_stm32h723xx.o(.text)
    UART5_IRQHandler                         0x080002fb   Thumb Code     0  startup_stm32h723xx.o(.text)
    UART7_IRQHandler                         0x080002fb   Thumb Code     0  startup_stm32h723xx.o(.text)
    UART8_IRQHandler                         0x080002fb   Thumb Code     0  startup_stm32h723xx.o(.text)
    UART9_IRQHandler                         0x080002fb   Thumb Code     0  startup_stm32h723xx.o(.text)
    WAKEUP_PIN_IRQHandler                    0x080002fb   Thumb Code     0  startup_stm32h723xx.o(.text)
    WWDG_IRQHandler                          0x080002fb   Thumb Code     0  startup_stm32h723xx.o(.text)
    __aeabi_uldivmod                         0x08000305   Thumb Code    98  uldiv.o(.text)
    __aeabi_memset                           0x08000367   Thumb Code    14  memseta.o(.text)
    __aeabi_memset4                          0x08000367   Thumb Code     0  memseta.o(.text)
    __aeabi_memset8                          0x08000367   Thumb Code     0  memseta.o(.text)
    __aeabi_memclr                           0x08000375   Thumb Code     4  memseta.o(.text)
    __aeabi_memclr4                          0x08000375   Thumb Code     0  memseta.o(.text)
    __aeabi_memclr8                          0x08000375   Thumb Code     0  memseta.o(.text)
    _memset$wrapper                          0x08000379   Thumb Code    18  memseta.o(.text)
    strlen                                   0x0800038b   Thumb Code    14  strlen.o(.text)
    strcpy                                   0x08000399   Thumb Code    18  strcpy.o(.text)
    __aeabi_uidiv                            0x080003ab   Thumb Code     0  uidiv.o(.text)
    __aeabi_uidivmod                         0x080003ab   Thumb Code    44  uidiv.o(.text)
    __aeabi_llsl                             0x080003d7   Thumb Code    30  llshl.o(.text)
    _ll_shift_l                              0x080003d7   Thumb Code     0  llshl.o(.text)
    __aeabi_llsr                             0x080003f5   Thumb Code    32  llushr.o(.text)
    _ll_ushift_r                             0x080003f5   Thumb Code     0  llushr.o(.text)
    __scatterload                            0x08000415   Thumb Code    28  init.o(.text)
    __scatterload_rt2                        0x08000415   Thumb Code     0  init.o(.text)
    BusFault_Handler                         0x08000439   Thumb Code     2  stm32h7xx_it.o(i.BusFault_Handler)
    DebugMon_Handler                         0x0800043b   Thumb Code     2  stm32h7xx_it.o(i.DebugMon_Handler)
    Error_Handler                            0x0800043d   Thumb Code     4  main.o(i.Error_Handler)
    FollowTrailToDesignatedArea              0x08000441   Thumb Code    44  contral.o(i.FollowTrailToDesignatedArea)
    HAL_DMA_Abort                            0x08000475   Thumb Code   836  stm32h7xx_hal_dma.o(i.HAL_DMA_Abort)
    HAL_DMA_Abort_IT                         0x080007d5   Thumb Code   602  stm32h7xx_hal_dma.o(i.HAL_DMA_Abort_IT)
    HAL_Delay                                0x08000a59   Thumb Code    32  stm32h7xx_hal.o(i.HAL_Delay)
    HAL_GPIO_Init                            0x08000a7d   Thumb Code   496  stm32h7xx_hal_gpio.o(i.HAL_GPIO_Init)
    HAL_GPIO_ReadPin                         0x08000c99   Thumb Code    10  stm32h7xx_hal_gpio.o(i.HAL_GPIO_ReadPin)
    HAL_GPIO_TogglePin                       0x08000ca3   Thumb Code    16  stm32h7xx_hal_gpio.o(i.HAL_GPIO_TogglePin)
    HAL_GPIO_WritePin                        0x08000cb3   Thumb Code    10  stm32h7xx_hal_gpio.o(i.HAL_GPIO_WritePin)
    HAL_GetTick                              0x08000cbd   Thumb Code     6  stm32h7xx_hal.o(i.HAL_GetTick)
    HAL_IncTick                              0x08000cc9   Thumb Code    12  stm32h7xx_hal.o(i.HAL_IncTick)
    HAL_Init                                 0x08000cd9   Thumb Code    74  stm32h7xx_hal.o(i.HAL_Init)
    HAL_InitTick                             0x08000d35   Thumb Code    56  stm32h7xx_hal.o(i.HAL_InitTick)
    HAL_MPU_ConfigRegion                     0x08000d75   Thumb Code    86  stm32h7xx_hal_cortex.o(i.HAL_MPU_ConfigRegion)
    HAL_MPU_Disable                          0x08000dd1   Thumb Code    24  stm32h7xx_hal_cortex.o(i.HAL_MPU_Disable)
    HAL_MPU_Enable                           0x08000ded   Thumb Code    30  stm32h7xx_hal_cortex.o(i.HAL_MPU_Enable)
    HAL_MspInit                              0x08000e11   Thumb Code    22  stm32h7xx_hal_msp.o(i.HAL_MspInit)
    HAL_NVIC_EnableIRQ                       0x08000e2d   Thumb Code    26  stm32h7xx_hal_cortex.o(i.HAL_NVIC_EnableIRQ)
    HAL_NVIC_SetPriority                     0x08000e49   Thumb Code    60  stm32h7xx_hal_cortex.o(i.HAL_NVIC_SetPriority)
    HAL_NVIC_SetPriorityGrouping             0x08000e89   Thumb Code    28  stm32h7xx_hal_cortex.o(i.HAL_NVIC_SetPriorityGrouping)
    HAL_PWREx_ConfigSupply                   0x08000ead   Thumb Code    78  stm32h7xx_hal_pwr_ex.o(i.HAL_PWREx_ConfigSupply)
    HAL_RCCEx_GetD3PCLK1Freq                 0x08000f01   Thumb Code    26  stm32h7xx_hal_rcc_ex.o(i.HAL_RCCEx_GetD3PCLK1Freq)
    HAL_RCCEx_GetPLL2ClockFreq               0x08000f25   Thumb Code   296  stm32h7xx_hal_rcc_ex.o(i.HAL_RCCEx_GetPLL2ClockFreq)
    HAL_RCCEx_GetPLL3ClockFreq               0x08001069   Thumb Code   296  stm32h7xx_hal_rcc_ex.o(i.HAL_RCCEx_GetPLL3ClockFreq)
    HAL_RCCEx_PeriphCLKConfig                0x080011ad   Thumb Code  2362  stm32h7xx_hal_rcc_ex.o(i.HAL_RCCEx_PeriphCLKConfig)
    HAL_RCC_ClockConfig                      0x08001ae9   Thumb Code   580  stm32h7xx_hal_rcc.o(i.HAL_RCC_ClockConfig)
    HAL_RCC_GetHCLKFreq                      0x08001d45   Thumb Code    52  stm32h7xx_hal_rcc.o(i.HAL_RCC_GetHCLKFreq)
    HAL_RCC_GetPCLK1Freq                     0x08001d89   Thumb Code    26  stm32h7xx_hal_rcc.o(i.HAL_RCC_GetPCLK1Freq)
    HAL_RCC_GetPCLK2Freq                     0x08001dad   Thumb Code    26  stm32h7xx_hal_rcc.o(i.HAL_RCC_GetPCLK2Freq)
    HAL_RCC_GetSysClockFreq                  0x08001dd1   Thumb Code   278  stm32h7xx_hal_rcc.o(i.HAL_RCC_GetSysClockFreq)
    HAL_RCC_OscConfig                        0x08001f09   Thumb Code  1318  stm32h7xx_hal_rcc.o(i.HAL_RCC_OscConfig)
    HAL_SYSTICK_Config                       0x0800242f   Thumb Code    38  stm32h7xx_hal_cortex.o(i.HAL_SYSTICK_Config)
    HAL_TIMEx_Break2Callback                 0x08002455   Thumb Code     2  stm32h7xx_hal_tim_ex.o(i.HAL_TIMEx_Break2Callback)
    HAL_TIMEx_BreakCallback                  0x08002457   Thumb Code     2  stm32h7xx_hal_tim_ex.o(i.HAL_TIMEx_BreakCallback)
    HAL_TIMEx_CommutCallback                 0x08002459   Thumb Code     2  stm32h7xx_hal_tim_ex.o(i.HAL_TIMEx_CommutCallback)
    HAL_TIMEx_ConfigBreakDeadTime            0x0800245d   Thumb Code   150  stm32h7xx_hal_tim_ex.o(i.HAL_TIMEx_ConfigBreakDeadTime)
    HAL_TIMEx_MasterConfigSynchronization    0x080024fd   Thumb Code   146  stm32h7xx_hal_tim_ex.o(i.HAL_TIMEx_MasterConfigSynchronization)
    HAL_TIM_Base_Init                        0x080025b5   Thumb Code    98  stm32h7xx_hal_tim.o(i.HAL_TIM_Base_Init)
    HAL_TIM_Base_MspInit                     0x08002619   Thumb Code    76  tim.o(i.HAL_TIM_Base_MspInit)
    HAL_TIM_ConfigClockSource                0x08002671   Thumb Code   248  stm32h7xx_hal_tim.o(i.HAL_TIM_ConfigClockSource)
    HAL_TIM_IC_CaptureCallback               0x0800276d   Thumb Code     2  stm32h7xx_hal_tim.o(i.HAL_TIM_IC_CaptureCallback)
    HAL_TIM_IRQHandler                       0x0800276f   Thumb Code   328  stm32h7xx_hal_tim.o(i.HAL_TIM_IRQHandler)
    HAL_TIM_MspPostInit                      0x080028b9   Thumb Code   156  tim.o(i.HAL_TIM_MspPostInit)
    HAL_TIM_OC_DelayElapsedCallback          0x08002971   Thumb Code     2  stm32h7xx_hal_tim.o(i.HAL_TIM_OC_DelayElapsedCallback)
    HAL_TIM_PWM_ConfigChannel                0x08002973   Thumb Code   292  stm32h7xx_hal_tim.o(i.HAL_TIM_PWM_ConfigChannel)
    HAL_TIM_PWM_Init                         0x08002a97   Thumb Code    98  stm32h7xx_hal_tim.o(i.HAL_TIM_PWM_Init)
    HAL_TIM_PWM_MspInit                      0x08002af9   Thumb Code    30  tim.o(i.HAL_TIM_PWM_MspInit)
    HAL_TIM_PWM_PulseFinishedCallback        0x08002b21   Thumb Code     2  stm32h7xx_hal_tim.o(i.HAL_TIM_PWM_PulseFinishedCallback)
    HAL_TIM_PWM_Start                        0x08002b25   Thumb Code   244  stm32h7xx_hal_tim.o(i.HAL_TIM_PWM_Start)
    HAL_TIM_PeriodElapsedCallback            0x08002c49   Thumb Code     2  stm32h7xx_hal_tim.o(i.HAL_TIM_PeriodElapsedCallback)
    HAL_TIM_TriggerCallback                  0x08002c4b   Thumb Code     2  stm32h7xx_hal_tim.o(i.HAL_TIM_TriggerCallback)
    HAL_UARTEx_DisableFifoMode               0x08002c4d   Thumb Code    64  stm32h7xx_hal_uart_ex.o(i.HAL_UARTEx_DisableFifoMode)
    HAL_UARTEx_RxEventCallback               0x08002c8d   Thumb Code     2  stm32h7xx_hal_uart.o(i.HAL_UARTEx_RxEventCallback)
    HAL_UARTEx_RxFifoFullCallback            0x08002c8f   Thumb Code     2  stm32h7xx_hal_uart_ex.o(i.HAL_UARTEx_RxFifoFullCallback)
    HAL_UARTEx_SetRxFifoThreshold            0x08002c91   Thumb Code    76  stm32h7xx_hal_uart_ex.o(i.HAL_UARTEx_SetRxFifoThreshold)
    HAL_UARTEx_SetTxFifoThreshold            0x08002cdd   Thumb Code    76  stm32h7xx_hal_uart_ex.o(i.HAL_UARTEx_SetTxFifoThreshold)
    HAL_UARTEx_TxFifoEmptyCallback           0x08002d29   Thumb Code     2  stm32h7xx_hal_uart_ex.o(i.HAL_UARTEx_TxFifoEmptyCallback)
    HAL_UARTEx_WakeupCallback                0x08002d2b   Thumb Code     2  stm32h7xx_hal_uart_ex.o(i.HAL_UARTEx_WakeupCallback)
    HAL_UART_ErrorCallback                   0x08002d2d   Thumb Code     2  stm32h7xx_hal_uart.o(i.HAL_UART_ErrorCallback)
    HAL_UART_IRQHandler                      0x08002d31   Thumb Code   878  stm32h7xx_hal_uart.o(i.HAL_UART_IRQHandler)
    HAL_UART_Init                            0x080030b9   Thumb Code   106  stm32h7xx_hal_uart.o(i.HAL_UART_Init)
    HAL_UART_MspInit                         0x08003125   Thumb Code   764  usart.o(i.HAL_UART_MspInit)
    HAL_UART_Receive_IT                      0x08003455   Thumb Code    66  stm32h7xx_hal_uart.o(i.HAL_UART_Receive_IT)
    HAL_UART_RxCpltCallback                  0x0800349d   Thumb Code   386  main.o(i.HAL_UART_RxCpltCallback)
    HAL_UART_Transmit                        0x08003651   Thumb Code   176  stm32h7xx_hal_uart.o(i.HAL_UART_Transmit)
    HAL_UART_TxCpltCallback                  0x08003701   Thumb Code     2  stm32h7xx_hal_uart.o(i.HAL_UART_TxCpltCallback)
    HardFault_Handler                        0x08003703   Thumb Code     2  stm32h7xx_it.o(i.HardFault_Handler)
    LED2_On                                  0x08003705   Thumb Code    10  led.o(i.LED2_On)
    LED3_Off                                 0x08003715   Thumb Code    12  led.o(i.LED3_Off)
    LED3_On                                  0x08003725   Thumb Code    10  led.o(i.LED3_On)
    LED3_Turn                                0x08003735   Thumb Code    10  led.o(i.LED3_Turn)
    MOTOR_A_SetSpeed                         0x08003745   Thumb Code    56  motor.o(i.MOTOR_A_SetSpeed)
    MOTOR_B_SetSpeed                         0x08003781   Thumb Code    56  motor.o(i.MOTOR_B_SetSpeed)
    MOTOR_C_SetSpeed                         0x080037bd   Thumb Code    56  motor.o(i.MOTOR_C_SetSpeed)
    MOTOR_D_SetSpeed                         0x080037f9   Thumb Code    56  motor.o(i.MOTOR_D_SetSpeed)
    MX_GPIO_Init                             0x08003835   Thumb Code   284  gpio.o(i.MX_GPIO_Init)
    MX_TIM4_Init                             0x0800396d   Thumb Code   194  tim.o(i.MX_TIM4_Init)
    MX_TIM5_Init                             0x08003a39   Thumb Code   108  tim.o(i.MX_TIM5_Init)
    MX_TIM8_Init                             0x08003aad   Thumb Code   252  tim.o(i.MX_TIM8_Init)
    MX_UART4_Init                            0x08003bb1   Thumb Code    94  usart.o(i.MX_UART4_Init)
    MX_USART10_UART_Init                     0x08003c19   Thumb Code    94  usart.o(i.MX_USART10_UART_Init)
    MX_USART1_UART_Init                      0x08003c81   Thumb Code    94  usart.o(i.MX_USART1_UART_Init)
    MX_USART2_UART_Init                      0x08003ce9   Thumb Code    94  usart.o(i.MX_USART2_UART_Init)
    MX_USART3_UART_Init                      0x08003d51   Thumb Code    94  usart.o(i.MX_USART3_UART_Init)
    MX_USART6_UART_Init                      0x08003db9   Thumb Code    94  usart.o(i.MX_USART6_UART_Init)
    MemManage_Handler                        0x08003e21   Thumb Code     2  stm32h7xx_it.o(i.MemManage_Handler)
    MotorPWM_Start                           0x08003e25   Thumb Code    70  motor.o(i.MotorPWM_Start)
    NMI_Handler                              0x08003e75   Thumb Code     2  stm32h7xx_it.o(i.NMI_Handler)
    PendSV_Handler                           0x08003e77   Thumb Code     2  stm32h7xx_it.o(i.PendSV_Handler)
    Rfid_Get_Num                             0x080040b9   Thumb Code    78  rfid.o(i.Rfid_Get_Num)
    SVC_Handler                              0x08004125   Thumb Code     2  stm32h7xx_it.o(i.SVC_Handler)
    Serial_GetNum                            0x08004129   Thumb Code    34  main.o(i.Serial_GetNum)
    Serial_GetRxFlag                         0x08004151   Thumb Code    20  main.o(i.Serial_GetRxFlag)
    Serial_GetRxFlag1                        0x08004169   Thumb Code    20  main.o(i.Serial_GetRxFlag1)
    Serial_GetRxFlag_rfid                    0x08004181   Thumb Code    20  rfid.o(i.Serial_GetRxFlag_rfid)
    ServoPWM_Start                           0x08004199   Thumb Code     8  servo.o(i.ServoPWM_Start)
    SysTick_Handler                          0x080041a5   Thumb Code     4  stm32h7xx_it.o(i.SysTick_Handler)
    SystemClock_Config                       0x080041a9   Thumb Code   146  main.o(i.SystemClock_Config)
    SystemInit                               0x08004241   Thumb Code   158  system_stm32h7xx.o(i.SystemInit)
    TIM4_IRQHandler                          0x08004301   Thumb Code     6  stm32h7xx_it.o(i.TIM4_IRQHandler)
    TIM_Base_SetConfig                       0x0800430d   Thumb Code   188  stm32h7xx_hal_tim.o(i.TIM_Base_SetConfig)
    TIM_CCxChannelCmd                        0x080043f1   Thumb Code    26  stm32h7xx_hal_tim.o(i.TIM_CCxChannelCmd)
    TIM_ETR_SetConfig                        0x0800440b   Thumb Code    18  stm32h7xx_hal_tim.o(i.TIM_ETR_SetConfig)
    TIM_OC2_SetConfig                        0x080044d5   Thumb Code   126  stm32h7xx_hal_tim.o(i.TIM_OC2_SetConfig)
    ThrowingPackages                         0x080047ab   Thumb Code    56  contral.o(i.ThrowingPackages)
    UART4_IRQHandler                         0x080047e5   Thumb Code     6  stm32h7xx_it.o(i.UART4_IRQHandler)
    UART_AdvFeatureConfig                    0x08004835   Thumb Code   200  stm32h7xx_hal_uart.o(i.UART_AdvFeatureConfig)
    UART_CheckIdleState                      0x080048fd   Thumb Code   170  stm32h7xx_hal_uart.o(i.UART_CheckIdleState)
    UART_SetConfig                           0x08004ee1   Thumb Code   914  stm32h7xx_hal_uart.o(i.UART_SetConfig)
    UART_Start_Receive_IT                    0x080052bd   Thumb Code   256  stm32h7xx_hal_uart.o(i.UART_Start_Receive_IT)
    UART_WaitOnFlagUntilTimeout              0x080053cd   Thumb Code   148  stm32h7xx_hal_uart.o(i.UART_WaitOnFlagUntilTimeout)
    USART10_IRQHandler                       0x08005461   Thumb Code     6  stm32h7xx_it.o(i.USART10_IRQHandler)
    USART1_IRQHandler                        0x0800546d   Thumb Code     6  stm32h7xx_it.o(i.USART1_IRQHandler)
    USART2_IRQHandler                        0x08005479   Thumb Code     6  stm32h7xx_it.o(i.USART2_IRQHandler)
    USART3_IRQHandler                        0x08005485   Thumb Code     6  stm32h7xx_it.o(i.USART3_IRQHandler)
    USART6_IRQHandler                        0x08005491   Thumb Code     6  stm32h7xx_it.o(i.USART6_IRQHandler)
    UsageFault_Handler                       0x0800549d   Thumb Code     2  stm32h7xx_it.o(i.UsageFault_Handler)
    __0printf$6                              0x080054a1   Thumb Code    22  printf6.o(i.__0printf$6)
    __1printf$6                              0x080054a1   Thumb Code     0  printf6.o(i.__0printf$6)
    __2printf                                0x080054a1   Thumb Code     0  printf6.o(i.__0printf$6)
    __0snprintf$6                            0x080054c1   Thumb Code    44  printf6.o(i.__0snprintf$6)
    __1snprintf$6                            0x080054c1   Thumb Code     0  printf6.o(i.__0snprintf$6)
    __2snprintf                              0x080054c1   Thumb Code     0  printf6.o(i.__0snprintf$6)
    __scatterload_copy                       0x08005513   Thumb Code    14  handlers.o(i.__scatterload_copy)
    __scatterload_null                       0x08005521   Thumb Code     2  handlers.o(i.__scatterload_null)
    __scatterload_zeroinit                   0x08005523   Thumb Code    14  handlers.o(i.__scatterload_zeroinit)
    arrays_are_equal                         0x08005889   Thumb Code    32  rfid.o(i.arrays_are_equal)
    charArrayToIntArray                      0x080058a9   Thumb Code    28  main.o(i.charArrayToIntArray)
    control_flow                             0x080058c5   Thumb Code    78  main.o(i.control_flow)
    followTrail                              0x08005919   Thumb Code   312  grayscale_sensor.o(i.followTrail)
    followTrail_distance                     0x08005a6d   Thumb Code    34  grayscale_sensor.o(i.followTrail_distance)
    fputc                                    0x08005a91   Thumb Code    24  usart.o(i.fputc)
    main                                     0x08005aad   Thumb Code   238  main.o(i.main)
    mode1                                    0x08005bc1   Thumb Code   202  main.o(i.mode1)
    mode2                                    0x08005cb5   Thumb Code   152  main.o(i.mode2)
    mode3                                    0x08005d65   Thumb Code   190  main.o(i.mode3)
    mode4                                    0x08005e51   Thumb Code   208  main.o(i.mode4)
    modeExit                                 0x08005f2d   Thumb Code    42  main.o(i.modeExit)
    modeSelection                            0x08005f69   Thumb Code   104  main.o(i.modeSelection)
    moveForward                              0x08006005   Thumb Code    32  motor.o(i.moveForward)
    moving_left                              0x08006025   Thumb Code    62  motor.o(i.moving_left)
    moving_right                             0x08006063   Thumb Code    62  motor.o(i.moving_right)
    returnToStartingPoint                    0x080060a1   Thumb Code    68  contral.o(i.returnToStartingPoint)
    rotate_servo                             0x08006101   Thumb Code    60  servo.o(i.rotate_servo)
    serial_screen_output                     0x0800613d   Thumb Code    50  screen.o(i.serial_screen_output)
    servoControl                             0x08006181   Thumb Code    56  servo.o(i.servoControl)
    stop                                     0x080061bd   Thumb Code    28  motor.o(i.stop)
    task1                                    0x080061d9   Thumb Code    96  contral.o(i.task1)
    task2                                    0x08006269   Thumb Code    96  contral.o(i.task2)
    task3                                    0x080062f9   Thumb Code    96  contral.o(i.task3)
    turnLeft                                 0x08006389   Thumb Code    32  motor.o(i.turnLeft)
    turnRight                                0x080063a9   Thumb Code    30  motor.o(i.turnRight)
    uint8_array_to_number_string             0x080063c9   Thumb Code    80  main.o(i.uint8_array_to_number_string)
    VOICE_1                                  0x08006420   Data          41  main.o(.constdata)
    VOICE_6                                  0x08006449   Data          41  main.o(.constdata)
    VOICE_7                                  0x08006472   Data          35  main.o(.constdata)
    VOICE_8                                  0x08006495   Data          38  main.o(.constdata)
    VOICE_10                                 0x080064bb   Data          14  main.o(.constdata)
    VOICE_12                                 0x080064c9   Data          20  main.o(.constdata)
    VOICE_2                                  0x080064dd   Data          22  main.o(.constdata)
    VOICE_3                                  0x080064f3   Data          22  main.o(.constdata)
    VOICE_4                                  0x08006509   Data          22  main.o(.constdata)
    VOICE_5                                  0x0800651f   Data          22  main.o(.constdata)
    VOICE_9                                  0x08006535   Data          16  main.o(.constdata)
    VOICE_11                                 0x08006545   Data          16  main.o(.constdata)
    UARTPrescTable                           0x08006556   Data          24  stm32h7xx_hal_uart.o(.constdata)
    D1CorePrescTable                         0x0800657e   Data          16  system_stm32h7xx.o(.constdata)
    Region$$Table$$Base                      0x08006590   Number         0  anon$$obj.o(Region$$Table)
    Region$$Table$$Limit                     0x080065b0   Number         0  anon$$obj.o(Region$$Table)
    arriving_the_starting_point_sign         0x24000003   Data           1  main.o(.data)
    count_state                              0x24000004   Data           1  main.o(.data)
    flag1                                    0x24000005   Data           1  main.o(.data)
    Serial_RxFlag                            0x24000006   Data           1  main.o(.data)
    Serial_Num                               0x24000007   Data           1  main.o(.data)
    value                                    0x24000008   Data           1  main.o(.data)
    Serial_RxFlag1                           0x24000009   Data           1  main.o(.data)
    Pattern                                  0x2400000a   Data           1  main.o(.data)
    skip                                     0x2400000b   Data           1  main.o(.data)
    exit1                                    0x2400000c   Data           1  main.o(.data)
    Serial_RxFlag_rfid                       0x2400000d   Data           1  main.o(.data)
    Voice_flag                               0x2400000e   Data           1  main.o(.data)
    flag2                                    0x2400000f   Data           1  main.o(.data)
    Rxcouter                                 0x24000015   Data           1  main.o(.data)
    Res                                      0x24000016   Data           1  main.o(.data)
    digital_position                         0x24000017   Data           1  main.o(.data)
    RxData                                   0x24000018   Data           1  main.o(.data)
    RxData_rfid                              0x24000019   Data           1  main.o(.data)
    Serial_RxPacket                          0x2400001a   Data           1  main.o(.data)
    sequential_number                        0x2400001b   Data           3  main.o(.data)
    tast                                     0x2400001e   Data           4  main.o(.data)
    Serial_RxPacket_rfid                     0x24000022   Data           6  main.o(.data)
    Rfid_1_str                               0x24000028   Data           6  main.o(.data)
    Rfid_2_str                               0x2400002e   Data           6  main.o(.data)
    Rfid_3_str                               0x24000034   Data           6  main.o(.data)
    Voice_flag1                              0x2400003a   Data           1  main.o(.data)
    uwTickFreq                               0x2400003c   Data           1  stm32h7xx_hal.o(.data)
    uwTickPrio                               0x24000040   Data           4  stm32h7xx_hal.o(.data)
    uwTick                                   0x24000044   Data           4  stm32h7xx_hal.o(.data)
    SystemCoreClock                          0x24000048   Data           4  system_stm32h7xx.o(.data)
    SystemD2Clock                            0x2400004c   Data           4  system_stm32h7xx.o(.data)
    __stdout                                 0x24000050   Data           4  stdout.o(.data)
    output                                   0x24000054   Data         100  main.o(.bss)
    RxBuffer                                 0x240000b8   Data          10  main.o(.bss)
    htim4                                    0x240000c4   Data          76  tim.o(.bss)
    htim5                                    0x24000110   Data          76  tim.o(.bss)
    htim8                                    0x2400015c   Data          76  tim.o(.bss)
    huart4                                   0x240001a8   Data         148  usart.o(.bss)
    huart1                                   0x2400023c   Data         148  usart.o(.bss)
    huart2                                   0x240002d0   Data         148  usart.o(.bss)
    huart3                                   0x24000364   Data         148  usart.o(.bss)
    huart6                                   0x240003f8   Data         148  usart.o(.bss)
    huart10                                  0x2400048c   Data         148  usart.o(.bss)
    __initial_sp                             0x24000920   Data           0  startup_stm32h723xx.o(STACK)



==============================================================================

Memory Map of the image

  Image Entry point : 0x080002cd

  Load Region LR_IROM1 (Base: 0x08000000, Size: 0x00006604, Max: 0x00100000, ABSOLUTE)

    Execution Region ER_IROM1 (Exec base: 0x08000000, Load base: 0x08000000, Size: 0x000065b0, Max: 0x00100000, ABSOLUTE)

    Exec Addr    Load Addr    Size         Type   Attr      Idx    E Section Name        Object

    0x08000000   0x08000000   0x000002cc   Data   RO            3    RESET               startup_stm32h723xx.o
    0x080002cc   0x080002cc   0x00000000   Code   RO         5019  * .ARM.Collect$$$$00000000  mc_w.l(entry.o)
    0x080002cc   0x080002cc   0x00000004   Code   RO         5291    .ARM.Collect$$$$00000001  mc_w.l(entry2.o)
    0x080002d0   0x080002d0   0x00000004   Code   RO         5294    .ARM.Collect$$$$00000004  mc_w.l(entry5.o)
    0x080002d4   0x080002d4   0x00000000   Code   RO         5296    .ARM.Collect$$$$00000008  mc_w.l(entry7b.o)
    0x080002d4   0x080002d4   0x00000000   Code   RO         5298    .ARM.Collect$$$$0000000A  mc_w.l(entry8b.o)
    0x080002d4   0x080002d4   0x00000008   Code   RO         5299    .ARM.Collect$$$$0000000B  mc_w.l(entry9a.o)
    0x080002dc   0x080002dc   0x00000000   Code   RO         5301    .ARM.Collect$$$$0000000D  mc_w.l(entry10a.o)
    0x080002dc   0x080002dc   0x00000000   Code   RO         5303    .ARM.Collect$$$$0000000F  mc_w.l(entry11a.o)
    0x080002dc   0x080002dc   0x00000004   Code   RO         5292    .ARM.Collect$$$$00002712  mc_w.l(entry2.o)
    0x080002e0   0x080002e0   0x00000024   Code   RO            4    .text               startup_stm32h723xx.o
    0x08000304   0x08000304   0x00000062   Code   RO         5022    .text               mc_w.l(uldiv.o)
    0x08000366   0x08000366   0x00000024   Code   RO         5024    .text               mc_w.l(memseta.o)
    0x0800038a   0x0800038a   0x0000000e   Code   RO         5026    .text               mc_w.l(strlen.o)
    0x08000398   0x08000398   0x00000012   Code   RO         5028    .text               mc_w.l(strcpy.o)
    0x080003aa   0x080003aa   0x0000002c   Code   RO         5306    .text               mc_w.l(uidiv.o)
    0x080003d6   0x080003d6   0x0000001e   Code   RO         5308    .text               mc_w.l(llshl.o)
    0x080003f4   0x080003f4   0x00000020   Code   RO         5310    .text               mc_w.l(llushr.o)
    0x08000414   0x08000414   0x00000024   Code   RO         5323    .text               mc_w.l(init.o)
    0x08000438   0x08000438   0x00000002   Code   RO          875    i.BusFault_Handler  stm32h7xx_it.o
    0x0800043a   0x0800043a   0x00000002   Code   RO          876    i.DebugMon_Handler  stm32h7xx_it.o
    0x0800043c   0x0800043c   0x00000004   Code   RO          548    i.Error_Handler     main.o
    0x08000440   0x08000440   0x00000034   Code   RO          393    i.FollowTrailToDesignatedArea  contral.o
    0x08000474   0x08000474   0x00000360   Code   RO         2811    i.HAL_DMA_Abort     stm32h7xx_hal_dma.o
    0x080007d4   0x080007d4   0x00000284   Code   RO         2812    i.HAL_DMA_Abort_IT  stm32h7xx_hal_dma.o
    0x08000a58   0x08000a58   0x00000024   Code   RO         3508    i.HAL_Delay         stm32h7xx_hal.o
    0x08000a7c   0x08000a7c   0x0000021c   Code   RO         2659    i.HAL_GPIO_Init     stm32h7xx_hal_gpio.o
    0x08000c98   0x08000c98   0x0000000a   Code   RO         2661    i.HAL_GPIO_ReadPin  stm32h7xx_hal_gpio.o
    0x08000ca2   0x08000ca2   0x00000010   Code   RO         2662    i.HAL_GPIO_TogglePin  stm32h7xx_hal_gpio.o
    0x08000cb2   0x08000cb2   0x0000000a   Code   RO         2663    i.HAL_GPIO_WritePin  stm32h7xx_hal_gpio.o
    0x08000cbc   0x08000cbc   0x0000000c   Code   RO         3524    i.HAL_GetTick       stm32h7xx_hal.o
    0x08000cc8   0x08000cc8   0x00000010   Code   RO         3530    i.HAL_IncTick       stm32h7xx_hal.o
    0x08000cd8   0x08000cd8   0x0000005c   Code   RO         3531    i.HAL_Init          stm32h7xx_hal.o
    0x08000d34   0x08000d34   0x00000040   Code   RO         3532    i.HAL_InitTick      stm32h7xx_hal.o
    0x08000d74   0x08000d74   0x0000005c   Code   RO         1015    i.HAL_MPU_ConfigRegion  stm32h7xx_hal_cortex.o
    0x08000dd0   0x08000dd0   0x0000001c   Code   RO         1016    i.HAL_MPU_Disable   stm32h7xx_hal_cortex.o
    0x08000dec   0x08000dec   0x00000024   Code   RO         1018    i.HAL_MPU_Enable    stm32h7xx_hal_cortex.o
    0x08000e10   0x08000e10   0x0000001c   Code   RO          990    i.HAL_MspInit       stm32h7xx_hal_msp.o
    0x08000e2c   0x08000e2c   0x0000001a   Code   RO         1022    i.HAL_NVIC_EnableIRQ  stm32h7xx_hal_cortex.o
    0x08000e46   0x08000e46   0x00000002   PAD
    0x08000e48   0x08000e48   0x00000040   Code   RO         1028    i.HAL_NVIC_SetPriority  stm32h7xx_hal_cortex.o
    0x08000e88   0x08000e88   0x00000024   Code   RO         1029    i.HAL_NVIC_SetPriorityGrouping  stm32h7xx_hal_cortex.o
    0x08000eac   0x08000eac   0x00000054   Code   RO         3260    i.HAL_PWREx_ConfigSupply  stm32h7xx_hal_pwr_ex.o
    0x08000f00   0x08000f00   0x00000024   Code   RO         2302    i.HAL_RCCEx_GetD3PCLK1Freq  stm32h7xx_hal_rcc_ex.o
    0x08000f24   0x08000f24   0x00000144   Code   RO         2304    i.HAL_RCCEx_GetPLL2ClockFreq  stm32h7xx_hal_rcc_ex.o
    0x08001068   0x08001068   0x00000144   Code   RO         2305    i.HAL_RCCEx_GetPLL3ClockFreq  stm32h7xx_hal_rcc_ex.o
    0x080011ac   0x080011ac   0x0000093a   Code   RO         2311    i.HAL_RCCEx_PeriphCLKConfig  stm32h7xx_hal_rcc_ex.o
    0x08001ae6   0x08001ae6   0x00000002   PAD
    0x08001ae8   0x08001ae8   0x0000025c   Code   RO         2187    i.HAL_RCC_ClockConfig  stm32h7xx_hal_rcc.o
    0x08001d44   0x08001d44   0x00000044   Code   RO         2192    i.HAL_RCC_GetHCLKFreq  stm32h7xx_hal_rcc.o
    0x08001d88   0x08001d88   0x00000024   Code   RO         2194    i.HAL_RCC_GetPCLK1Freq  stm32h7xx_hal_rcc.o
    0x08001dac   0x08001dac   0x00000024   Code   RO         2195    i.HAL_RCC_GetPCLK2Freq  stm32h7xx_hal_rcc.o
    0x08001dd0   0x08001dd0   0x00000138   Code   RO         2196    i.HAL_RCC_GetSysClockFreq  stm32h7xx_hal_rcc.o
    0x08001f08   0x08001f08   0x00000526   Code   RO         2199    i.HAL_RCC_OscConfig  stm32h7xx_hal_rcc.o
    0x0800242e   0x0800242e   0x00000026   Code   RO         1033    i.HAL_SYSTICK_Config  stm32h7xx_hal_cortex.o
    0x08002454   0x08002454   0x00000002   Code   RO         1883    i.HAL_TIMEx_Break2Callback  stm32h7xx_hal_tim_ex.o
    0x08002456   0x08002456   0x00000002   Code   RO         1884    i.HAL_TIMEx_BreakCallback  stm32h7xx_hal_tim_ex.o
    0x08002458   0x08002458   0x00000002   Code   RO         1885    i.HAL_TIMEx_CommutCallback  stm32h7xx_hal_tim_ex.o
    0x0800245a   0x0800245a   0x00000002   PAD
    0x0800245c   0x0800245c   0x000000a0   Code   RO         1887    i.HAL_TIMEx_ConfigBreakDeadTime  stm32h7xx_hal_tim_ex.o
    0x080024fc   0x080024fc   0x000000b8   Code   RO         1906    i.HAL_TIMEx_MasterConfigSynchronization  stm32h7xx_hal_tim_ex.o
    0x080025b4   0x080025b4   0x00000062   Code   RO         1169    i.HAL_TIM_Base_Init  stm32h7xx_hal_tim.o
    0x08002616   0x08002616   0x00000002   PAD
    0x08002618   0x08002618   0x00000058   Code   RO          722    i.HAL_TIM_Base_MspInit  tim.o
    0x08002670   0x08002670   0x000000fc   Code   RO         1178    i.HAL_TIM_ConfigClockSource  stm32h7xx_hal_tim.o
    0x0800276c   0x0800276c   0x00000002   Code   RO         1203    i.HAL_TIM_IC_CaptureCallback  stm32h7xx_hal_tim.o
    0x0800276e   0x0800276e   0x00000148   Code   RO         1217    i.HAL_TIM_IRQHandler  stm32h7xx_hal_tim.o
    0x080028b6   0x080028b6   0x00000002   PAD
    0x080028b8   0x080028b8   0x000000b8   Code   RO          723    i.HAL_TIM_MspPostInit  tim.o
    0x08002970   0x08002970   0x00000002   Code   RO         1220    i.HAL_TIM_OC_DelayElapsedCallback  stm32h7xx_hal_tim.o
    0x08002972   0x08002972   0x00000124   Code   RO         1241    i.HAL_TIM_PWM_ConfigChannel  stm32h7xx_hal_tim.o
    0x08002a96   0x08002a96   0x00000062   Code   RO         1244    i.HAL_TIM_PWM_Init  stm32h7xx_hal_tim.o
    0x08002af8   0x08002af8   0x00000028   Code   RO          725    i.HAL_TIM_PWM_MspInit  tim.o
    0x08002b20   0x08002b20   0x00000002   Code   RO         1247    i.HAL_TIM_PWM_PulseFinishedCallback  stm32h7xx_hal_tim.o
    0x08002b22   0x08002b22   0x00000002   PAD
    0x08002b24   0x08002b24   0x00000124   Code   RO         1249    i.HAL_TIM_PWM_Start  stm32h7xx_hal_tim.o
    0x08002c48   0x08002c48   0x00000002   Code   RO         1255    i.HAL_TIM_PeriodElapsedCallback  stm32h7xx_hal_tim.o
    0x08002c4a   0x08002c4a   0x00000002   Code   RO         1260    i.HAL_TIM_TriggerCallback  stm32h7xx_hal_tim.o
    0x08002c4c   0x08002c4c   0x00000040   Code   RO         4867    i.HAL_UARTEx_DisableFifoMode  stm32h7xx_hal_uart_ex.o
    0x08002c8c   0x08002c8c   0x00000002   Code   RO         4456    i.HAL_UARTEx_RxEventCallback  stm32h7xx_hal_uart.o
    0x08002c8e   0x08002c8e   0x00000002   Code   RO         4875    i.HAL_UARTEx_RxFifoFullCallback  stm32h7xx_hal_uart_ex.o
    0x08002c90   0x08002c90   0x0000004c   Code   RO         4876    i.HAL_UARTEx_SetRxFifoThreshold  stm32h7xx_hal_uart_ex.o
    0x08002cdc   0x08002cdc   0x0000004c   Code   RO         4877    i.HAL_UARTEx_SetTxFifoThreshold  stm32h7xx_hal_uart_ex.o
    0x08002d28   0x08002d28   0x00000002   Code   RO         4879    i.HAL_UARTEx_TxFifoEmptyCallback  stm32h7xx_hal_uart_ex.o
    0x08002d2a   0x08002d2a   0x00000002   Code   RO         4880    i.HAL_UARTEx_WakeupCallback  stm32h7xx_hal_uart_ex.o
    0x08002d2c   0x08002d2c   0x00000002   Code   RO         4472    i.HAL_UART_ErrorCallback  stm32h7xx_hal_uart.o
    0x08002d2e   0x08002d2e   0x00000002   PAD
    0x08002d30   0x08002d30   0x00000388   Code   RO         4475    i.HAL_UART_IRQHandler  stm32h7xx_hal_uart.o
    0x080030b8   0x080030b8   0x0000006a   Code   RO         4476    i.HAL_UART_Init     stm32h7xx_hal_uart.o
    0x08003122   0x08003122   0x00000002   PAD
    0x08003124   0x08003124   0x00000330   Code   RO          794    i.HAL_UART_MspInit  usart.o
    0x08003454   0x08003454   0x00000048   Code   RO         4481    i.HAL_UART_Receive_IT  stm32h7xx_hal_uart.o
    0x0800349c   0x0800349c   0x000001b4   Code   RO          549    i.HAL_UART_RxCpltCallback  main.o
    0x08003650   0x08003650   0x000000b0   Code   RO         4485    i.HAL_UART_Transmit  stm32h7xx_hal_uart.o
    0x08003700   0x08003700   0x00000002   Code   RO         4488    i.HAL_UART_TxCpltCallback  stm32h7xx_hal_uart.o
    0x08003702   0x08003702   0x00000002   Code   RO          877    i.HardFault_Handler  stm32h7xx_it.o
    0x08003704   0x08003704   0x00000010   Code   RO          468    i.LED2_On           led.o
    0x08003714   0x08003714   0x00000010   Code   RO          470    i.LED3_Off          led.o
    0x08003724   0x08003724   0x00000010   Code   RO          471    i.LED3_On           led.o
    0x08003734   0x08003734   0x00000010   Code   RO          472    i.LED3_Turn         led.o
    0x08003744   0x08003744   0x0000003c   Code   RO           85    i.MOTOR_A_SetSpeed  motor.o
    0x08003780   0x08003780   0x0000003c   Code   RO           91    i.MOTOR_B_SetSpeed  motor.o
    0x080037bc   0x080037bc   0x0000003c   Code   RO           97    i.MOTOR_C_SetSpeed  motor.o
    0x080037f8   0x080037f8   0x0000003c   Code   RO          103    i.MOTOR_D_SetSpeed  motor.o
    0x08003834   0x08003834   0x00000138   Code   RO          697    i.MX_GPIO_Init      gpio.o
    0x0800396c   0x0800396c   0x000000cc   Code   RO          726    i.MX_TIM4_Init      tim.o
    0x08003a38   0x08003a38   0x00000074   Code   RO          727    i.MX_TIM5_Init      tim.o
    0x08003aac   0x08003aac   0x00000104   Code   RO          728    i.MX_TIM8_Init      tim.o
    0x08003bb0   0x08003bb0   0x00000068   Code   RO          795    i.MX_UART4_Init     usart.o
    0x08003c18   0x08003c18   0x00000068   Code   RO          796    i.MX_USART10_UART_Init  usart.o
    0x08003c80   0x08003c80   0x00000068   Code   RO          797    i.MX_USART1_UART_Init  usart.o
    0x08003ce8   0x08003ce8   0x00000068   Code   RO          798    i.MX_USART2_UART_Init  usart.o
    0x08003d50   0x08003d50   0x00000068   Code   RO          799    i.MX_USART3_UART_Init  usart.o
    0x08003db8   0x08003db8   0x00000068   Code   RO          800    i.MX_USART6_UART_Init  usart.o
    0x08003e20   0x08003e20   0x00000002   Code   RO          878    i.MemManage_Handler  stm32h7xx_it.o
    0x08003e22   0x08003e22   0x00000002   PAD
    0x08003e24   0x08003e24   0x00000050   Code   RO           13    i.MotorPWM_Start    motor.o
    0x08003e74   0x08003e74   0x00000002   Code   RO          879    i.NMI_Handler       stm32h7xx_it.o
    0x08003e76   0x08003e76   0x00000002   Code   RO          880    i.PendSV_Handler    stm32h7xx_it.o
    0x08003e78   0x08003e78   0x00000120   Code   RO         2314    i.RCCEx_PLL2_Config  stm32h7xx_hal_rcc_ex.o
    0x08003f98   0x08003f98   0x00000120   Code   RO         2315    i.RCCEx_PLL3_Config  stm32h7xx_hal_rcc_ex.o
    0x080040b8   0x080040b8   0x0000006c   Code   RO          320    i.Rfid_Get_Num      rfid.o
    0x08004124   0x08004124   0x00000002   Code   RO          881    i.SVC_Handler       stm32h7xx_it.o
    0x08004126   0x08004126   0x00000002   PAD
    0x08004128   0x08004128   0x00000028   Code   RO          550    i.Serial_GetNum     main.o
    0x08004150   0x08004150   0x00000018   Code   RO          551    i.Serial_GetRxFlag  main.o
    0x08004168   0x08004168   0x00000018   Code   RO          552    i.Serial_GetRxFlag1  main.o
    0x08004180   0x08004180   0x00000018   Code   RO          321    i.Serial_GetRxFlag_rfid  rfid.o
    0x08004198   0x08004198   0x0000000c   Code   RO          237    i.ServoPWM_Start    servo.o
    0x080041a4   0x080041a4   0x00000004   Code   RO          882    i.SysTick_Handler   stm32h7xx_it.o
    0x080041a8   0x080041a8   0x00000098   Code   RO          553    i.SystemClock_Config  main.o
    0x08004240   0x08004240   0x000000c0   Code   RO         4986    i.SystemInit        system_stm32h7xx.o
    0x08004300   0x08004300   0x0000000c   Code   RO          883    i.TIM4_IRQHandler   stm32h7xx_it.o
    0x0800430c   0x0800430c   0x000000e4   Code   RO         1262    i.TIM_Base_SetConfig  stm32h7xx_hal_tim.o
    0x080043f0   0x080043f0   0x0000001a   Code   RO         1263    i.TIM_CCxChannelCmd  stm32h7xx_hal_tim.o
    0x0800440a   0x0800440a   0x00000012   Code   RO         1273    i.TIM_ETR_SetConfig  stm32h7xx_hal_tim.o
    0x0800441c   0x0800441c   0x00000014   Code   RO         1274    i.TIM_ITRx_SetConfig  stm32h7xx_hal_tim.o
    0x08004430   0x08004430   0x000000a4   Code   RO         1275    i.TIM_OC1_SetConfig  stm32h7xx_hal_tim.o
    0x080044d4   0x080044d4   0x00000098   Code   RO         1276    i.TIM_OC2_SetConfig  stm32h7xx_hal_tim.o
    0x0800456c   0x0800456c   0x00000098   Code   RO         1277    i.TIM_OC3_SetConfig  stm32h7xx_hal_tim.o
    0x08004604   0x08004604   0x00000078   Code   RO         1278    i.TIM_OC4_SetConfig  stm32h7xx_hal_tim.o
    0x0800467c   0x0800467c   0x00000074   Code   RO         1279    i.TIM_OC5_SetConfig  stm32h7xx_hal_tim.o
    0x080046f0   0x080046f0   0x00000074   Code   RO         1280    i.TIM_OC6_SetConfig  stm32h7xx_hal_tim.o
    0x08004764   0x08004764   0x00000022   Code   RO         1282    i.TIM_TI1_ConfigInputStage  stm32h7xx_hal_tim.o
    0x08004786   0x08004786   0x00000024   Code   RO         1284    i.TIM_TI2_ConfigInputStage  stm32h7xx_hal_tim.o
    0x080047aa   0x080047aa   0x00000038   Code   RO          395    i.ThrowingPackages  contral.o
    0x080047e2   0x080047e2   0x00000002   PAD
    0x080047e4   0x080047e4   0x0000000c   Code   RO          884    i.UART4_IRQHandler  stm32h7xx_it.o
    0x080047f0   0x080047f0   0x00000044   Code   RO         4881    i.UARTEx_SetNbDataToProcess  stm32h7xx_hal_uart_ex.o
    0x08004834   0x08004834   0x000000c8   Code   RO         4490    i.UART_AdvFeatureConfig  stm32h7xx_hal_uart.o
    0x080048fc   0x080048fc   0x000000aa   Code   RO         4491    i.UART_CheckIdleState  stm32h7xx_hal_uart.o
    0x080049a6   0x080049a6   0x00000014   Code   RO         4492    i.UART_DMAAbortOnError  stm32h7xx_hal_uart.o
    0x080049ba   0x080049ba   0x00000002   PAD
    0x080049bc   0x080049bc   0x00000054   Code   RO         4502    i.UART_EndRxTransfer  stm32h7xx_hal_uart.o
    0x08004a10   0x08004a10   0x000000c8   Code   RO         4504    i.UART_RxISR_16BIT  stm32h7xx_hal_uart.o
    0x08004ad8   0x08004ad8   0x000001a0   Code   RO         4505    i.UART_RxISR_16BIT_FIFOEN  stm32h7xx_hal_uart.o
    0x08004c78   0x08004c78   0x000000c8   Code   RO         4506    i.UART_RxISR_8BIT   stm32h7xx_hal_uart.o
    0x08004d40   0x08004d40   0x000001a0   Code   RO         4507    i.UART_RxISR_8BIT_FIFOEN  stm32h7xx_hal_uart.o
    0x08004ee0   0x08004ee0   0x000003dc   Code   RO         4508    i.UART_SetConfig    stm32h7xx_hal_uart.o
    0x080052bc   0x080052bc   0x00000110   Code   RO         4510    i.UART_Start_Receive_IT  stm32h7xx_hal_uart.o
    0x080053cc   0x080053cc   0x00000094   Code   RO         4515    i.UART_WaitOnFlagUntilTimeout  stm32h7xx_hal_uart.o
    0x08005460   0x08005460   0x0000000c   Code   RO          885    i.USART10_IRQHandler  stm32h7xx_it.o
    0x0800546c   0x0800546c   0x0000000c   Code   RO          886    i.USART1_IRQHandler  stm32h7xx_it.o
    0x08005478   0x08005478   0x0000000c   Code   RO          887    i.USART2_IRQHandler  stm32h7xx_it.o
    0x08005484   0x08005484   0x0000000c   Code   RO          888    i.USART3_IRQHandler  stm32h7xx_it.o
    0x08005490   0x08005490   0x0000000c   Code   RO          889    i.USART6_IRQHandler  stm32h7xx_it.o
    0x0800549c   0x0800549c   0x00000002   Code   RO          890    i.UsageFault_Handler  stm32h7xx_it.o
    0x0800549e   0x0800549e   0x00000002   PAD
    0x080054a0   0x080054a0   0x00000020   Code   RO         5185    i.__0printf$6       mc_w.l(printf6.o)
    0x080054c0   0x080054c0   0x00000030   Code   RO         5186    i.__0snprintf$6     mc_w.l(printf6.o)
    0x080054f0   0x080054f0   0x00000022   Code   RO         1035    i.__NVIC_SetPriority  stm32h7xx_hal_cortex.o
    0x08005512   0x08005512   0x0000000e   Code   RO         5331    i.__scatterload_copy  mc_w.l(handlers.o)
    0x08005520   0x08005520   0x00000002   Code   RO         5332    i.__scatterload_null  mc_w.l(handlers.o)
    0x08005522   0x08005522   0x0000000e   Code   RO         5333    i.__scatterload_zeroinit  mc_w.l(handlers.o)
    0x08005530   0x08005530   0x000002f0   Code   RO         5192    i._printf_core      mc_w.l(printf6.o)
    0x08005820   0x08005820   0x00000024   Code   RO         5193    i._printf_post_padding  mc_w.l(printf6.o)
    0x08005844   0x08005844   0x0000002e   Code   RO         5194    i._printf_pre_padding  mc_w.l(printf6.o)
    0x08005872   0x08005872   0x00000016   Code   RO         5195    i._snputc           mc_w.l(printf6.o)
    0x08005888   0x08005888   0x00000020   Code   RO          322    i.arrays_are_equal  rfid.o
    0x080058a8   0x080058a8   0x0000001c   Code   RO          554    i.charArrayToIntArray  main.o
    0x080058c4   0x080058c4   0x00000054   Code   RO          555    i.control_flow      main.o
    0x08005918   0x08005918   0x00000154   Code   RO          276    i.followTrail       grayscale_sensor.o
    0x08005a6c   0x08005a6c   0x00000022   Code   RO          277    i.followTrail_distance  grayscale_sensor.o
    0x08005a8e   0x08005a8e   0x00000002   PAD
    0x08005a90   0x08005a90   0x0000001c   Code   RO          801    i.fputc             usart.o
    0x08005aac   0x08005aac   0x00000114   Code   RO          557    i.main              main.o
    0x08005bc0   0x08005bc0   0x000000f4   Code   RO          558    i.mode1             main.o
    0x08005cb4   0x08005cb4   0x000000b0   Code   RO          559    i.mode2             main.o
    0x08005d64   0x08005d64   0x000000ec   Code   RO          560    i.mode3             main.o
    0x08005e50   0x08005e50   0x000000dc   Code   RO          561    i.mode4             main.o
    0x08005f2c   0x08005f2c   0x0000003c   Code   RO          562    i.modeExit          main.o
    0x08005f68   0x08005f68   0x0000009c   Code   RO          563    i.modeSelection     main.o
    0x08006004   0x08006004   0x00000020   Code   RO           15    i.moveForward       motor.o
    0x08006024   0x08006024   0x0000003e   Code   RO           18    i.moving_left       motor.o
    0x08006062   0x08006062   0x0000003e   Code   RO           19    i.moving_right      motor.o
    0x080060a0   0x080060a0   0x00000060   Code   RO          396    i.returnToStartingPoint  contral.o
    0x08006100   0x08006100   0x0000003c   Code   RO          238    i.rotate_servo      servo.o
    0x0800613c   0x0800613c   0x00000044   Code   RO          362    i.serial_screen_output  screen.o
    0x08006180   0x08006180   0x0000003c   Code   RO          239    i.servoControl      servo.o
    0x080061bc   0x080061bc   0x0000001c   Code   RO           20    i.stop              motor.o
    0x080061d8   0x080061d8   0x00000090   Code   RO          397    i.task1             contral.o
    0x08006268   0x08006268   0x00000090   Code   RO          398    i.task2             contral.o
    0x080062f8   0x080062f8   0x00000090   Code   RO          399    i.task3             contral.o
    0x08006388   0x08006388   0x00000020   Code   RO           21    i.turnLeft          motor.o
    0x080063a8   0x080063a8   0x0000001e   Code   RO           22    i.turnRight         motor.o
    0x080063c6   0x080063c6   0x00000002   PAD
    0x080063c8   0x080063c8   0x00000058   Code   RO          564    i.uint8_array_to_number_string  main.o
    0x08006420   0x08006420   0x000000bd   Data   RO          566    .constdata          main.o
    0x080064dd   0x080064dd   0x00000016   Data   RO          567    .constdata          main.o
    0x080064f3   0x080064f3   0x00000016   Data   RO          568    .constdata          main.o
    0x08006509   0x08006509   0x00000016   Data   RO          569    .constdata          main.o
    0x0800651f   0x0800651f   0x00000016   Data   RO          570    .constdata          main.o
    0x08006535   0x08006535   0x00000010   Data   RO          571    .constdata          main.o
    0x08006545   0x08006545   0x00000010   Data   RO          572    .constdata          main.o
    0x08006555   0x08006555   0x00000001   PAD
    0x08006556   0x08006556   0x00000018   Data   RO         4516    .constdata          stm32h7xx_hal_uart.o
    0x0800656e   0x0800656e   0x00000010   Data   RO         4882    .constdata          stm32h7xx_hal_uart_ex.o
    0x0800657e   0x0800657e   0x00000010   Data   RO         4987    .constdata          system_stm32h7xx.o
    0x0800658e   0x0800658e   0x00000002   PAD
    0x08006590   0x08006590   0x00000020   Data   RO         5329    Region$$Table       anon$$obj.o


    Execution Region RW_IRAM1 (Exec base: 0x20000000, Load base: 0x080065b0, Size: 0x00000000, Max: 0x00020000, ABSOLUTE)

    **** No section assigned to this execution region ****


    Execution Region RW_IRAM2 (Exec base: 0x24000000, Load base: 0x080065b0, Size: 0x00000920, Max: 0x00050000, ABSOLUTE)

    Exec Addr    Load Addr    Size         Type   Attr      Idx    E Section Name        Object

    0x24000000   0x080065b0   0x00000003   Data   RW          400    .data               contral.o
    0x24000003   0x080065b3   0x00000001   Data   RW          573    .data               main.o
    0x24000004   0x080065b4   0x00000001   Data   RW          574    .data               main.o
    0x24000005   0x080065b5   0x00000023   Data   RW          575    .data               main.o
    0x24000028   0x080065d8   0x00000006   Data   RW          576    .data               main.o
    0x2400002e   0x080065de   0x00000006   Data   RW          577    .data               main.o
    0x24000034   0x080065e4   0x00000006   Data   RW          578    .data               main.o
    0x2400003a   0x080065ea   0x00000001   Data   RW          579    .data               main.o
    0x2400003b   0x080065eb   0x00000001   PAD
    0x2400003c   0x080065ec   0x0000000c   Data   RW         3555    .data               stm32h7xx_hal.o
    0x24000048   0x080065f8   0x00000008   Data   RW         4988    .data               system_stm32h7xx.o
    0x24000050   0x08006600   0x00000004   Data   RW         5305    .data               mc_w.l(stdout.o)
    0x24000054        -       0x0000006e   Zero   RW          565    .bss                main.o
    0x240000c2   0x08006604   0x00000002   PAD
    0x240000c4        -       0x000000e4   Zero   RW          729    .bss                tim.o
    0x240001a8        -       0x00000378   Zero   RW          802    .bss                usart.o
    0x24000520        -       0x00000400   Zero   RW            1    STACK               startup_stm32h723xx.o


==============================================================================

Image component sizes


      Code (inc. data)   RO Data    RW Data    ZI Data      Debug   Object Name

       636        180          0          3          0       5449   contral.o
       312         28          0          0          0       1303   gpio.o
       374         28          0          0          0       2105   grayscale_sensor.o
        64         22          0          0          0       1863   led.o
      2248        316        309         56        110      14591   main.o
       566         26          0          0          0    1190910   motor.o
       164         34          0          0          0       2711   rfid.o
        68         18          0          0          0        615   screen.o
       132          8          0          0          0       2271   servo.o
        36          8        716          0       1024        868   startup_stm32h723xx.o
       220         40          0         12          0      23981   stm32h7xx_hal.o
       354         28          0          0          0      42241   stm32h7xx_hal_cortex.o
      1508         70          0          0          0       4119   stm32h7xx_hal_dma.o
       576         44          0          0          0       3796   stm32h7xx_hal_gpio.o
        28          6          0          0          0       1010   stm32h7xx_hal_msp.o
        84          6          0          0          0        825   stm32h7xx_hal_pwr_ex.o
      2374        102          0          0          0       7388   stm32h7xx_hal_rcc.o
      3622        112          0          0          0       8073   stm32h7xx_hal_rcc_ex.o
      2552        256          0          0          0      19068   stm32h7xx_hal_tim.o
       350         48          0          0          0       4384   stm32h7xx_hal_tim_ex.o
      4378        202         24          0          0      38438   stm32h7xx_hal_uart.o
       290          6         16          0          0       5814   stm32h7xx_hal_uart_ex.o
       104         42          0          0          0       8012   stm32h7xx_it.o
       192         34         16          8          0       1606   system_stm32h7xx.o
       892         76          0          0        228       5176   tim.o
      1468        116          0          0        888       8071   usart.o

    ----------------------------------------------------------------------
     23622       1856       1116         80       2252    1404688   Object Totals
         0          0         32          0          0          0   (incl. Generated)
        30          0          3          1          2          0   (incl. Padding)

    ----------------------------------------------------------------------

      Code (inc. data)   RO Data    RW Data    ZI Data      Debug   Library Member Name

         0          0          0          0          0          0   entry.o
         0          0          0          0          0          0   entry10a.o
         0          0          0          0          0          0   entry11a.o
         8          4          0          0          0          0   entry2.o
         4          0          0          0          0          0   entry5.o
         0          0          0          0          0          0   entry7b.o
         0          0          0          0          0          0   entry8b.o
         8          4          0          0          0          0   entry9a.o
        30          0          0          0          0          0   handlers.o
        36          8          0          0          0         68   init.o
        30          0          0          0          0         68   llshl.o
        32          0          0          0          0         68   llushr.o
        36          0          0          0          0        108   memseta.o
       936         18          0          0          0        504   printf6.o
         0          0          0          4          0          0   stdout.o
        18          0          0          0          0         68   strcpy.o
        14          0          0          0          0         68   strlen.o
        44          0          0          0          0         80   uidiv.o
        98          0          0          0          0         92   uldiv.o

    ----------------------------------------------------------------------
      1294         34          0          4          0       1124   Library Totals
         0          0          0          0          0          0   (incl. Padding)

    ----------------------------------------------------------------------

      Code (inc. data)   RO Data    RW Data    ZI Data      Debug   Library Name

      1294         34          0          4          0       1124   mc_w.l

    ----------------------------------------------------------------------
      1294         34          0          4          0       1124   Library Totals

    ----------------------------------------------------------------------

==============================================================================


      Code (inc. data)   RO Data    RW Data    ZI Data      Debug   

     24916       1890       1116         84       2252    1390096   Grand Totals
     24916       1890       1116         84       2252    1390096   ELF Image Totals
     24916       1890       1116         84          0          0   ROM Totals

==============================================================================

    Total RO  Size (Code + RO Data)                26032 (  25.42kB)
    Total RW  Size (RW Data + ZI Data)              2336 (   2.28kB)
    Total ROM Size (Code + RO Data + RW Data)      26116 (  25.50kB)

==============================================================================

